Mar 26 15:12:02 ami rsyslogd: [origin software="rsyslogd" swVersion="5.8.10" x-pid="1934" x-info="http://www.rsyslog.com"] rsyslogd was HUPed
Mar 26 15:23:56 ami dhclient[1860]: DHCPREQUEST on eth0 to 172.31.31.254 port 67 (xid=0x39cf51eb)
Mar 26 15:23:56 ami dhclient[1860]: DHCPACK from 172.31.31.254 (xid=0x39cf51eb)
Mar 26 15:23:58 ami dhclient[1860]: bound to 172.31.31.130 -- renewal in 710 seconds.
Mar 26 15:35:48 ami dhclient[1860]: DHCPREQUEST on eth0 to 172.31.31.254 port 67 (xid=0x39cf51eb)
Mar 26 15:35:48 ami dhclient[1860]: DHCPACK from 172.31.31.254 (xid=0x39cf51eb)
Mar 26 15:35:50 ami dhclient[1860]: bound to 172.31.31.130 -- renewal in 864 seconds.
Mar 26 15:50:14 ami dhclient[1860]: DHCPREQUEST on eth0 to 172.31.31.254 port 67 (xid=0x39cf51eb)
Mar 26 15:50:14 ami dhclient[1860]: DHCPACK from 172.31.31.254 (xid=0x39cf51eb)
Mar 26 15:50:16 ami dhclient[1860]: bound to 172.31.31.130 -- renewal in 868 seconds.
Mar 26 16:04:44 ami dhclient[1860]: DHCPREQUEST on eth0 to 172.31.31.254 port 67 (xid=0x39cf51eb)
Mar 26 16:04:44 ami dhclient[1860]: DHCPACK from 172.31.31.254 (xid=0x39cf51eb)
Mar 26 16:04:46 ami dhclient[1860]: bound to 172.31.31.130 -- renewal in 875 seconds.
Mar 26 16:19:21 ami dhclient[1860]: DHCPREQUEST on eth0 to 172.31.31.254 port 67 (xid=0x39cf51eb)
Mar 26 16:19:21 ami dhclient[1860]: DHCPACK from 172.31.31.254 (xid=0x39cf51eb)
Mar 26 16:19:23 ami dhclient[1860]: bound to 172.31.31.130 -- renewal in 825 seconds.
Mar 26 16:33:08 ami dhclient[1860]: DHCPREQUEST on eth0 to 172.31.31.254 port 67 (xid=0x39cf51eb)
Mar 26 16:33:08 ami dhclient[1860]: DHCPACK from 172.31.31.254 (xid=0x39cf51eb)
Mar 26 16:33:10 ami dhclient[1860]: bound to 172.31.31.130 -- renewal in 807 seconds.
Mar 26 16:46:37 ami dhclient[1860]: DHCPREQUEST on eth0 to 172.31.31.254 port 67 (xid=0x39cf51eb)
Mar 26 16:46:37 ami dhclient[1860]: DHCPACK from 172.31.31.254 (xid=0x39cf51eb)
Mar 26 16:46:39 ami dhclient[1860]: bound to 172.31.31.130 -- renewal in 817 seconds.
Mar 26 17:00:16 ami dhclient[1860]: DHCPREQUEST on eth0 to 172.31.31.254 port 67 (xid=0x39cf51eb)
Mar 26 17:00:16 ami dhclient[1860]: DHCPACK from 172.31.31.254 (xid=0x39cf51eb)
Mar 26 17:00:18 ami dhclient[1860]: bound to 172.31.31.130 -- renewal in 714 seconds.
Mar 26 17:12:12 ami dhclient[1860]: DHCPREQUEST on eth0 to 172.31.31.254 port 67 (xid=0x39cf51eb)
Mar 26 17:12:12 ami dhclient[1860]: DHCPACK from 172.31.31.254 (xid=0x39cf51eb)
Mar 26 17:12:14 ami dhclient[1860]: bound to 172.31.31.130 -- renewal in 678 seconds.
Apr  3 06:10:30 ami kernel: imklog 5.8.10, log source = /proc/kmsg started.
Apr  3 06:10:30 ami rsyslogd: [origin software="rsyslogd" swVersion="5.8.10" x-pid="1927" x-info="http://www.rsyslog.com"] start
Apr  3 06:10:30 ami kernel: Initializing cgroup subsys cpuset
Apr  3 06:10:30 ami kernel: Initializing cgroup subsys cpu
Apr  3 06:10:30 ami kernel: Linux version 2.6.32-279.14.1.el6.x86_64 (mockbuild@c6b8.bsys.dev.centos.org) (gcc version 4.4.6 20120305 (Red Hat 4.4.6-4) (GCC) ) #1 SMP Tue Nov 6 23:43:09 UTC 2012
Apr  3 06:10:30 ami kernel: Command line: ro root=/dev/mapper/vg_ami-lv_root rd_NO_LUKS LANG=en_US.UTF-8 rd_NO_MD SYSFONT=latarcyrheb-sun16 crashkernel=auto rd_LVM_LV=vg_ami/lv_swap  KEYBOARDTYPE=pc KEYTABLE=us rd_LVM_LV=vg_ami/lv_root rd_NO_DM rhgb quiet
Apr  3 06:10:30 ami kernel: KERNEL supported cpus:
Apr  3 06:10:30 ami kernel:  Intel GenuineIntel
Apr  3 06:10:30 ami kernel:  AMD AuthenticAMD
Apr  3 06:10:30 ami kernel:  Centaur CentaurHauls
Apr  3 06:10:30 ami kernel: Disabled fast string operations
Apr  3 06:10:30 ami kernel: BIOS-provided physical RAM map:
Apr  3 06:10:30 ami kernel: BIOS-e820: 0000000000000000 - 000000000009f400 (usable)
Apr  3 06:10:30 ami kernel: BIOS-e820: 000000000009f400 - 00000000000a0000 (reserved)
Apr  3 06:10:30 ami kernel: BIOS-e820: 00000000000ca000 - 00000000000cc000 (reserved)
Apr  3 06:10:30 ami kernel: BIOS-e820: 00000000000dc000 - 0000000000100000 (reserved)
Apr  3 06:10:30 ami kernel: BIOS-e820: 0000000000100000 - 00000000bfee0000 (usable)
Apr  3 06:10:30 ami kernel: BIOS-e820: 00000000bfee0000 - 00000000bfeff000 (ACPI data)
Apr  3 06:10:30 ami kernel: BIOS-e820: 00000000bfeff000 - 00000000bff00000 (ACPI NVS)
Apr  3 06:10:30 ami kernel: BIOS-e820: 00000000bff00000 - 00000000c0000000 (usable)
Apr  3 06:10:30 ami kernel: BIOS-e820: 00000000e0000000 - 00000000f0000000 (reserved)
Apr  3 06:10:30 ami kernel: BIOS-e820: 00000000fec00000 - 00000000fec10000 (reserved)
Apr  3 06:10:30 ami kernel: BIOS-e820: 00000000fee00000 - 00000000fee01000 (reserved)
Apr  3 06:10:30 ami kernel: BIOS-e820: 00000000fffe0000 - 0000000100000000 (reserved)
Apr  3 06:10:30 ami kernel: BIOS-e820: 0000000100000000 - 0000000140000000 (usable)
Apr  3 06:10:30 ami kernel: DMI present.
Apr  3 06:10:30 ami kernel: SMBIOS version 2.4 @ 0xF6B30
Apr  3 06:10:30 ami kernel: Phoenix BIOS detected: BIOS may corrupt low RAM, working around it.
Apr  3 06:10:30 ami kernel: last_pfn = 0x140000 max_arch_pfn = 0x400000000
Apr  3 06:10:30 ami kernel: x86 PAT enabled: cpu 0, old 0x0, new 0x7010600070106
Apr  3 06:10:30 ami kernel: total RAM covered: 4096M
Apr  3 06:10:30 ami kernel: Found optimal setting for mtrr clean up
Apr  3 06:10:30 ami kernel: gran_size: 64K 	chunk_size: 64K 	num_reg: 3  	lose cover RAM: 0G
Apr  3 06:10:30 ami kernel: x86 PAT enabled: cpu 0, old 0x0, new 0x7010600070106
Apr  3 06:10:30 ami kernel: last_pfn = 0xc0000 max_arch_pfn = 0x400000000
Apr  3 06:10:30 ami kernel: init_memory_mapping: 0000000000000000-00000000c0000000
Apr  3 06:10:30 ami kernel: init_memory_mapping: 0000000100000000-0000000140000000
Apr  3 06:10:30 ami kernel: RAMDISK: 3688a000 - 37fef893
Apr  3 06:10:30 ami kernel: ACPI: RSDP 00000000000f6b80 00024 (v02 PTLTD )
Apr  3 06:10:30 ami kernel: ACPI: XSDT 00000000bfee35a4 0005C (v01 INTEL  440BX    06040000 VMW  01324272)
Apr  3 06:10:30 ami kernel: ACPI: FACP 00000000bfefee98 000F4 (v04 INTEL  440BX    06040000 PTL  000F4240)
Apr  3 06:10:30 ami kernel: ACPI: DSDT 00000000bfee3bd6 1B2C2 (v01 PTLTD  Custom   06040000 MSFT 03000001)
Apr  3 06:10:30 ami kernel: ACPI: FACS 00000000bfefffc0 00040
Apr  3 06:10:30 ami kernel: ACPI: BOOT 00000000bfee3bae 00028 (v01 PTLTD  $SBFTBL$ 06040000  LTP 00000001)
Apr  3 06:10:30 ami kernel: ACPI: APIC 00000000bfee39ac 00202 (v01 PTLTD  ? APIC   06040000  LTP 00000000)
Apr  3 06:10:30 ami kernel: ACPI: MCFG 00000000bfee3970 0003C (v01 PTLTD  $PCITBL$ 06040000  LTP 00000001)
Apr  3 06:10:30 ami kernel: ACPI: SRAT 00000000bfee36a0 002D0 (v02 VMWARE MEMPLUG  06040000 VMW  00000001)
Apr  3 06:10:30 ami kernel: ACPI: HPET 00000000bfee3668 00038 (v01 VMWARE VMW HPET 06040000 VMW  00000001)
Apr  3 06:10:30 ami kernel: ACPI: WAET 00000000bfee3640 00028 (v01 VMWARE VMW WAET 06040000 VMW  00000001)
Apr  3 06:10:30 ami kernel: Setting APIC routing to physical flat.
Apr  3 06:10:30 ami kernel: SRAT: PXM 0 -> APIC 0 -> Node 0
Apr  3 06:10:30 ami kernel: SRAT: PXM 0 -> APIC 1 -> Node 0
Apr  3 06:10:30 ami kernel: SRAT: PXM 0 -> APIC 2 -> Node 0
Apr  3 06:10:30 ami kernel: SRAT: PXM 0 -> APIC 3 -> Node 0
Apr  3 06:10:30 ami kernel: SRAT: PXM 0 -> APIC 4 -> Node 0
Apr  3 06:10:30 ami kernel: SRAT: PXM 0 -> APIC 5 -> Node 0
Apr  3 06:10:30 ami kernel: SRAT: PXM 0 -> APIC 6 -> Node 0
Apr  3 06:10:30 ami kernel: SRAT: PXM 0 -> APIC 7 -> Node 0
Apr  3 06:10:30 ami kernel: SRAT: PXM 0 -> APIC 8 -> Node 0
Apr  3 06:10:30 ami kernel: SRAT: PXM 0 -> APIC 9 -> Node 0
Apr  3 06:10:30 ami kernel: SRAT: PXM 0 -> APIC 10 -> Node 0
Apr  3 06:10:30 ami kernel: SRAT: PXM 0 -> APIC 11 -> Node 0
Apr  3 06:10:30 ami kernel: SRAT: PXM 0 -> APIC 12 -> Node 0
Apr  3 06:10:30 ami kernel: SRAT: PXM 0 -> APIC 13 -> Node 0
Apr  3 06:10:30 ami kernel: SRAT: PXM 0 -> APIC 14 -> Node 0
Apr  3 06:10:30 ami kernel: SRAT: PXM 0 -> APIC 15 -> Node 0
Apr  3 06:10:30 ami kernel: SRAT: PXM 0 -> APIC 16 -> Node 0
Apr  3 06:10:30 ami kernel: SRAT: PXM 0 -> APIC 17 -> Node 0
Apr  3 06:10:30 ami kernel: SRAT: PXM 0 -> APIC 18 -> Node 0
Apr  3 06:10:30 ami kernel: SRAT: PXM 0 -> APIC 19 -> Node 0
Apr  3 06:10:30 ami kernel: SRAT: PXM 0 -> APIC 20 -> Node 0
Apr  3 06:10:30 ami kernel: SRAT: PXM 0 -> APIC 21 -> Node 0
Apr  3 06:10:30 ami kernel: SRAT: PXM 0 -> APIC 22 -> Node 0
Apr  3 06:10:30 ami kernel: SRAT: PXM 0 -> APIC 23 -> Node 0
Apr  3 06:10:30 ami kernel: SRAT: PXM 0 -> APIC 24 -> Node 0
Apr  3 06:10:30 ami kernel: SRAT: PXM 0 -> APIC 25 -> Node 0
Apr  3 06:10:30 ami kernel: SRAT: PXM 0 -> APIC 26 -> Node 0
Apr  3 06:10:30 ami kernel: SRAT: PXM 0 -> APIC 27 -> Node 0
Apr  3 06:10:30 ami kernel: SRAT: PXM 0 -> APIC 28 -> Node 0
Apr  3 06:10:30 ami kernel: SRAT: PXM 0 -> APIC 29 -> Node 0
Apr  3 06:10:30 ami kernel: SRAT: PXM 0 -> APIC 30 -> Node 0
Apr  3 06:10:30 ami kernel: SRAT: PXM 0 -> APIC 31 -> Node 0
Apr  3 06:10:30 ami kernel: SRAT: Node 0 PXM 0 0-a0000
Apr  3 06:10:30 ami kernel: SRAT: Node 0 PXM 0 100000-c0000000
Apr  3 06:10:30 ami kernel: SRAT: Node 0 PXM 0 100000000-140000000
Apr  3 06:10:30 ami kernel: SRAT: Node 0 PXM 0 140000000-1040000000
Apr  3 06:10:30 ami kernel: SRAT: hot plug zone found 140000000 - 1040000000
Apr  3 06:10:30 ami kernel: Bootmem setup node 0 0000000000000000-0000000140000000
Apr  3 06:10:30 ami kernel:  NODE_DATA [0000000000033840 - 000000000006783f]
Apr  3 06:10:30 ami kernel:  bootmap [0000000000068000 -  000000000008ffff] pages 28
Apr  3 06:10:30 ami kernel: (9 early reservations) ==> bootmem [0000000000 - 0140000000]
Apr  3 06:10:30 ami kernel:  #0 [0000000000 - 0000001000]   BIOS data page ==> [0000000000 - 0000001000]
Apr  3 06:10:30 ami kernel:  #1 [0000006000 - 0000008000]       TRAMPOLINE ==> [0000006000 - 0000008000]
Apr  3 06:10:30 ami kernel:  #2 [0001000000 - 0002012024]    TEXT DATA BSS ==> [0001000000 - 0002012024]
Apr  3 06:10:30 ami kernel:  #3 [003688a000 - 0037fef893]          RAMDISK ==> [003688a000 - 0037fef893]
Apr  3 06:10:30 ami kernel:  #4 [000009f400 - 0000100000]    BIOS reserved ==> [000009f400 - 0000100000]
Apr  3 06:10:30 ami kernel:  #5 [0002013000 - 00020131f0]              BRK ==> [0002013000 - 00020131f0]
Apr  3 06:10:30 ami kernel:  #6 [0000010000 - 0000012000]          PGTABLE ==> [0000010000 - 0000012000]
Apr  3 06:10:30 ami kernel:  #7 [0000012000 - 0000013000]          PGTABLE ==> [0000012000 - 0000013000]
Apr  3 06:10:30 ami kernel:  #8 [0000013000 - 0000033840]       MEMNODEMAP ==> [0000013000 - 0000033840]
Apr  3 06:10:30 ami kernel: found SMP MP-table at [ffff8800000f6bf0] f6bf0
Apr  3 06:10:30 ami kernel: Reserving 129MB of memory at 48MB for crashkernel (System RAM: 5120MB)
Apr  3 06:10:30 ami kernel: Zone PFN ranges:
Apr  3 06:10:30 ami kernel:  DMA      0x00000010 -> 0x00001000
Apr  3 06:10:30 ami kernel:  DMA32    0x00001000 -> 0x00100000
Apr  3 06:10:30 ami kernel:  Normal   0x00100000 -> 0x00140000
Apr  3 06:10:30 ami kernel: Movable zone start PFN for each node
Apr  3 06:10:30 ami kernel: early_node_map[4] active PFN ranges
Apr  3 06:10:30 ami kernel:    0: 0x00000010 -> 0x0000009f
Apr  3 06:10:30 ami kernel:    0: 0x00000100 -> 0x000bfee0
Apr  3 06:10:30 ami kernel:    0: 0x000bff00 -> 0x000c0000
Apr  3 06:10:30 ami kernel:    0: 0x00100000 -> 0x00140000
Apr  3 06:10:30 ami kernel: ACPI: PM-Timer IO Port: 0x1008
Apr  3 06:10:30 ami kernel: Setting APIC routing to physical flat.
Apr  3 06:10:30 ami kernel: ACPI: LAPIC (acpi_id[0x00] lapic_id[0x00] enabled)
Apr  3 06:10:30 ami kernel: ACPI: LAPIC (acpi_id[0x01] lapic_id[0x01] enabled)
Apr  3 06:10:30 ami kernel: ACPI: LAPIC (acpi_id[0x02] lapic_id[0x02] enabled)
Apr  3 06:10:30 ami kernel: ACPI: LAPIC (acpi_id[0x03] lapic_id[0x03] enabled)
Apr  3 06:10:30 ami kernel: ACPI: LAPIC (acpi_id[0x04] lapic_id[0x04] disabled)
Apr  3 06:10:30 ami kernel: ACPI: LAPIC (acpi_id[0x05] lapic_id[0x05] disabled)
Apr  3 06:10:30 ami kernel: ACPI: LAPIC (acpi_id[0x06] lapic_id[0x06] disabled)
Apr  3 06:10:30 ami kernel: ACPI: LAPIC (acpi_id[0x07] lapic_id[0x07] disabled)
Apr  3 06:10:30 ami kernel: ACPI: LAPIC (acpi_id[0x08] lapic_id[0x08] disabled)
Apr  3 06:10:30 ami kernel: ACPI: LAPIC (acpi_id[0x09] lapic_id[0x09] disabled)
Apr  3 06:10:30 ami kernel: ACPI: LAPIC (acpi_id[0x0a] lapic_id[0x0a] disabled)
Apr  3 06:10:30 ami kernel: ACPI: LAPIC (acpi_id[0x0b] lapic_id[0x0b] disabled)
Apr  3 06:10:30 ami kernel: ACPI: LAPIC (acpi_id[0x0c] lapic_id[0x0c] disabled)
Apr  3 06:10:30 ami kernel: ACPI: LAPIC (acpi_id[0x0d] lapic_id[0x0d] disabled)
Apr  3 06:10:30 ami kernel: ACPI: LAPIC (acpi_id[0x0e] lapic_id[0x0e] disabled)
Apr  3 06:10:30 ami kernel: ACPI: LAPIC (acpi_id[0x0f] lapic_id[0x0f] disabled)
Apr  3 06:10:30 ami kernel: ACPI: LAPIC (acpi_id[0x10] lapic_id[0x10] disabled)
Apr  3 06:10:30 ami kernel: ACPI: LAPIC (acpi_id[0x11] lapic_id[0x11] disabled)
Apr  3 06:10:30 ami kernel: ACPI: LAPIC (acpi_id[0x12] lapic_id[0x12] disabled)
Apr  3 06:10:30 ami kernel: ACPI: LAPIC (acpi_id[0x13] lapic_id[0x13] disabled)
Apr  3 06:10:30 ami kernel: ACPI: LAPIC (acpi_id[0x14] lapic_id[0x14] disabled)
Apr  3 06:10:30 ami kernel: ACPI: LAPIC (acpi_id[0x15] lapic_id[0x15] disabled)
Apr  3 06:10:30 ami kernel: ACPI: LAPIC (acpi_id[0x16] lapic_id[0x16] disabled)
Apr  3 06:10:30 ami kernel: ACPI: LAPIC (acpi_id[0x17] lapic_id[0x17] disabled)
Apr  3 06:10:30 ami kernel: ACPI: LAPIC (acpi_id[0x18] lapic_id[0x18] disabled)
Apr  3 06:10:30 ami kernel: ACPI: LAPIC (acpi_id[0x19] lapic_id[0x19] disabled)
Apr  3 06:10:30 ami kernel: ACPI: LAPIC (acpi_id[0x1a] lapic_id[0x1a] disabled)
Apr  3 06:10:30 ami kernel: ACPI: LAPIC (acpi_id[0x1b] lapic_id[0x1b] disabled)
Apr  3 06:10:30 ami kernel: ACPI: LAPIC (acpi_id[0x1c] lapic_id[0x1c] disabled)
Apr  3 06:10:30 ami kernel: ACPI: LAPIC (acpi_id[0x1d] lapic_id[0x1d] disabled)
Apr  3 06:10:30 ami kernel: ACPI: LAPIC (acpi_id[0x1e] lapic_id[0x1e] disabled)
Apr  3 06:10:30 ami kernel: ACPI: LAPIC (acpi_id[0x1f] lapic_id[0x1f] disabled)
Apr  3 06:10:30 ami kernel: ACPI: LAPIC_NMI (acpi_id[0x00] high edge lint[0x1])
Apr  3 06:10:30 ami kernel: ACPI: LAPIC_NMI (acpi_id[0x01] high edge lint[0x1])
Apr  3 06:10:30 ami kernel: ACPI: LAPIC_NMI (acpi_id[0x02] high edge lint[0x1])
Apr  3 06:10:30 ami kernel: ACPI: LAPIC_NMI (acpi_id[0x03] high edge lint[0x1])
Apr  3 06:10:30 ami kernel: ACPI: LAPIC_NMI (acpi_id[0x04] high edge lint[0x1])
Apr  3 06:10:30 ami kernel: ACPI: LAPIC_NMI (acpi_id[0x05] high edge lint[0x1])
Apr  3 06:10:30 ami kernel: ACPI: LAPIC_NMI (acpi_id[0x06] high edge lint[0x1])
Apr  3 06:10:30 ami kernel: ACPI: LAPIC_NMI (acpi_id[0x07] high edge lint[0x1])
Apr  3 06:10:30 ami kernel: ACPI: LAPIC_NMI (acpi_id[0x08] high edge lint[0x1])
Apr  3 06:10:30 ami kernel: ACPI: LAPIC_NMI (acpi_id[0x09] high edge lint[0x1])
Apr  3 06:10:30 ami kernel: ACPI: LAPIC_NMI (acpi_id[0x0a] high edge lint[0x1])
Apr  3 06:10:30 ami kernel: ACPI: LAPIC_NMI (acpi_id[0x0b] high edge lint[0x1])
Apr  3 06:10:30 ami kernel: ACPI: LAPIC_NMI (acpi_id[0x0c] high edge lint[0x1])
Apr  3 06:10:30 ami kernel: ACPI: LAPIC_NMI (acpi_id[0x0d] high edge lint[0x1])
Apr  3 06:10:30 ami kernel: ACPI: LAPIC_NMI (acpi_id[0x0e] high edge lint[0x1])
Apr  3 06:10:30 ami kernel: ACPI: LAPIC_NMI (acpi_id[0x0f] high edge lint[0x1])
Apr  3 06:10:30 ami kernel: ACPI: LAPIC_NMI (acpi_id[0x10] high edge lint[0x1])
Apr  3 06:10:30 ami kernel: ACPI: LAPIC_NMI (acpi_id[0x11] high edge lint[0x1])
Apr  3 06:10:30 ami kernel: ACPI: LAPIC_NMI (acpi_id[0x12] high edge lint[0x1])
Apr  3 06:10:30 ami kernel: ACPI: LAPIC_NMI (acpi_id[0x13] high edge lint[0x1])
Apr  3 06:10:30 ami kernel: ACPI: LAPIC_NMI (acpi_id[0x14] high edge lint[0x1])
Apr  3 06:10:30 ami kernel: ACPI: LAPIC_NMI (acpi_id[0x15] high edge lint[0x1])
Apr  3 06:10:30 ami kernel: ACPI: LAPIC_NMI (acpi_id[0x16] high edge lint[0x1])
Apr  3 06:10:30 ami kernel: ACPI: LAPIC_NMI (acpi_id[0x17] high edge lint[0x1])
Apr  3 06:10:30 ami kernel: ACPI: LAPIC_NMI (acpi_id[0x18] high edge lint[0x1])
Apr  3 06:10:30 ami kernel: ACPI: LAPIC_NMI (acpi_id[0x19] high edge lint[0x1])
Apr  3 06:10:30 ami kernel: ACPI: LAPIC_NMI (acpi_id[0x1a] high edge lint[0x1])
Apr  3 06:10:30 ami kernel: ACPI: LAPIC_NMI (acpi_id[0x1b] high edge lint[0x1])
Apr  3 06:10:30 ami kernel: ACPI: LAPIC_NMI (acpi_id[0x1c] high edge lint[0x1])
Apr  3 06:10:30 ami kernel: ACPI: LAPIC_NMI (acpi_id[0x1d] high edge lint[0x1])
Apr  3 06:10:30 ami kernel: ACPI: LAPIC_NMI (acpi_id[0x1e] high edge lint[0x1])
Apr  3 06:10:30 ami kernel: ACPI: LAPIC_NMI (acpi_id[0x1f] high edge lint[0x1])
Apr  3 06:10:30 ami kernel: ACPI: IOAPIC (id[0x20] address[0xfec00000] gsi_base[0])
Apr  3 06:10:30 ami kernel: IOAPIC[0]: apic_id 32, version 17, address 0xfec00000, GSI 0-23
Apr  3 06:10:30 ami kernel: ACPI: INT_SRC_OVR (bus 0 bus_irq 0 global_irq 2 high edge)
Apr  3 06:10:30 ami kernel: Using ACPI (MADT) for SMP configuration information
Apr  3 06:10:30 ami kernel: ACPI: HPET id: 0x8086af01 base: 0xfed00000
Apr  3 06:10:30 ami kernel: SMP: Allowing 32 CPUs, 28 hotplug CPUs
Apr  3 06:10:30 ami kernel: PM: Registered nosave memory: 000000000009f000 - 00000000000a0000
Apr  3 06:10:30 ami kernel: PM: Registered nosave memory: 00000000000a0000 - 00000000000ca000
Apr  3 06:10:30 ami kernel: PM: Registered nosave memory: 00000000000ca000 - 00000000000cc000
Apr  3 06:10:30 ami kernel: PM: Registered nosave memory: 00000000000cc000 - 00000000000dc000
Apr  3 06:10:30 ami kernel: PM: Registered nosave memory: 00000000000dc000 - 0000000000100000
Apr  3 06:10:30 ami kernel: PM: Registered nosave memory: 00000000bfee0000 - 00000000bfeff000
Apr  3 06:10:30 ami kernel: PM: Registered nosave memory: 00000000bfeff000 - 00000000bff00000
Apr  3 06:10:30 ami kernel: PM: Registered nosave memory: 00000000c0000000 - 00000000e0000000
Apr  3 06:10:30 ami kernel: PM: Registered nosave memory: 00000000e0000000 - 00000000f0000000
Apr  3 06:10:30 ami kernel: PM: Registered nosave memory: 00000000f0000000 - 00000000fec00000
Apr  3 06:10:30 ami kernel: PM: Registered nosave memory: 00000000fec00000 - 00000000fec10000
Apr  3 06:10:30 ami kernel: PM: Registered nosave memory: 00000000fec10000 - 00000000fee00000
Apr  3 06:10:30 ami kernel: PM: Registered nosave memory: 00000000fee00000 - 00000000fee01000
Apr  3 06:10:30 ami kernel: PM: Registered nosave memory: 00000000fee01000 - 00000000fffe0000
Apr  3 06:10:30 ami kernel: PM: Registered nosave memory: 00000000fffe0000 - 0000000100000000
Apr  3 06:10:30 ami kernel: Allocating PCI resources starting at c0000000 (gap: c0000000:20000000)
Apr  3 06:10:30 ami kernel: Booting paravirtualized kernel on bare hardware
Apr  3 06:10:30 ami kernel: NR_CPUS:4096 nr_cpumask_bits:32 nr_cpu_ids:32 nr_node_ids:1
Apr  3 06:10:30 ami kernel: PERCPU: Embedded 31 pages/cpu @ffff88002be00000 s94424 r8192 d24360 u131072
Apr  3 06:10:30 ami kernel: pcpu-alloc: s94424 r8192 d24360 u131072 alloc=1*2097152
Apr  3 06:10:30 ami kernel: pcpu-alloc: [0] 00 01 02 03 04 05 06 07 08 09 10 11 12 13 14 15 
Apr  3 06:10:30 ami kernel: pcpu-alloc: [0] 16 17 18 19 20 21 22 23 24 25 26 27 28 29 30 31 
Apr  3 06:10:30 ami kernel: Built 1 zonelists in Node order, mobility grouping on.  Total pages: 1030377
Apr  3 06:10:30 ami kernel: Policy zone: Normal
Apr  3 06:10:30 ami kernel: Kernel command line: ro root=/dev/mapper/vg_ami-lv_root rd_NO_LUKS LANG=en_US.UTF-8 rd_NO_MD SYSFONT=latarcyrheb-sun16 crashkernel=129M@0M rd_LVM_LV=vg_ami/lv_swap  KEYBOARDTYPE=pc KEYTABLE=us rd_LVM_LV=vg_ami/lv_root rd_NO_DM rhgb quiet
Apr  3 06:10:30 ami kernel: PID hash table entries: 4096 (order: 3, 32768 bytes)
Apr  3 06:10:30 ami kernel: xsave/xrstor: enabled xstate_bv 0x7, cntxt size 0x340
Apr  3 06:10:30 ami kernel: Checking aperture...
Apr  3 06:10:30 ami kernel: No AGP bridge found
Apr  3 06:10:30 ami kernel: PCI-DMA: Using software bounce buffering for IO (SWIOTLB)
Apr  3 06:10:30 ami kernel: Placing 64MB software IO TLB between ffff880020000000 - ffff880024000000
Apr  3 06:10:30 ami kernel: software IO TLB at phys 0x20000000 - 0x24000000
Apr  3 06:10:30 ami kernel: Memory: 3893188k/5242880k available (5154k kernel code, 1049156k absent, 300536k reserved, 7164k data, 1260k init)
Apr  3 06:10:30 ami kernel: Hierarchical RCU implementation.
Apr  3 06:10:30 ami kernel: NR_IRQS:33024 nr_irqs:664
Apr  3 06:10:30 ami kernel: Extended CMOS year: 2000
Apr  3 06:10:30 ami kernel: Console: colour VGA+ 80x25
Apr  3 06:10:30 ami kernel: console [tty0] enabled
Apr  3 06:10:30 ami kernel: allocated 33554432 bytes of page_cgroup
Apr  3 06:10:30 ami kernel: please try 'cgroup_disable=memory' option if you don't want memory cgroups
Apr  3 06:10:30 ami kernel: TSC freq read from hypervisor : 2494.399 MHz
Apr  3 06:10:30 ami kernel: Detected 2494.399 MHz processor.
Apr  3 06:10:30 ami kernel: Calibrating delay loop (skipped) preset value.. 4988.79 BogoMIPS (lpj=2494399)
Apr  3 06:10:30 ami kernel: pid_max: default: 32768 minimum: 301
Apr  3 06:10:30 ami kernel: Security Framework initialized
Apr  3 06:10:30 ami kernel: SELinux:  Initializing.
Apr  3 06:10:30 ami kernel: Dentry cache hash table entries: 524288 (order: 10, 4194304 bytes)
Apr  3 06:10:30 ami kernel: Inode-cache hash table entries: 262144 (order: 9, 2097152 bytes)
Apr  3 06:10:30 ami kernel: Mount-cache hash table entries: 256
Apr  3 06:10:30 ami kernel: Initializing cgroup subsys ns
Apr  3 06:10:30 ami kernel: Initializing cgroup subsys cpuacct
Apr  3 06:10:30 ami kernel: Initializing cgroup subsys memory
Apr  3 06:10:30 ami kernel: Initializing cgroup subsys devices
Apr  3 06:10:30 ami kernel: Initializing cgroup subsys freezer
Apr  3 06:10:30 ami kernel: Initializing cgroup subsys net_cls
Apr  3 06:10:30 ami kernel: Initializing cgroup subsys blkio
Apr  3 06:10:30 ami kernel: Initializing cgroup subsys perf_event
Apr  3 06:10:30 ami kernel: Initializing cgroup subsys net_prio
Apr  3 06:10:30 ami kernel: Disabled fast string operations
Apr  3 06:10:30 ami kernel: CPU: Physical Processor ID: 0
Apr  3 06:10:30 ami kernel: CPU: Processor Core ID: 0
Apr  3 06:10:30 ami kernel: mce: CPU supports 0 MCE banks
Apr  3 06:10:30 ami kernel: alternatives: switching to unfair spinlock
Apr  3 06:10:30 ami kernel: ACPI: Core revision 20090903
Apr  3 06:10:30 ami kernel: ftrace: converting mcount calls to 0f 1f 44 00 00
Apr  3 06:10:30 ami kernel: ftrace: allocating 21019 entries in 83 pages
Apr  3 06:10:30 ami kernel: Setting APIC routing to physical flat
Apr  3 06:10:30 ami kernel: ..TIMER: vector=0x30 apic1=0 pin1=2 apic2=-1 pin2=-1
Apr  3 06:10:30 ami kernel: CPU0: Intel(R) Core(TM) i5-3210M CPU @ 2.50GHz stepping 09
Apr  3 06:10:30 ami kernel: Performance Events: generic architected perfmon, core PMU driver.
Apr  3 06:10:30 ami kernel: ... version:                1
Apr  3 06:10:30 ami kernel: ... bit width:              48
Apr  3 06:10:30 ami kernel: ... generic registers:      4
Apr  3 06:10:30 ami kernel: ... value mask:             0000ffffffffffff
Apr  3 06:10:30 ami kernel: ... max period:             000000007fffffff
Apr  3 06:10:30 ami kernel: ... fixed-purpose events:   0
Apr  3 06:10:30 ami kernel: ... event mask:             000000000000000f
Apr  3 06:10:30 ami kernel: NMI watchdog disabled (cpu0): hardware events not enabled
Apr  3 06:10:30 ami kernel: Booting Node   0, Processors  #1
Apr  3 06:10:30 ami kernel: Disabled fast string operations
Apr  3 06:10:30 ami kernel: mce: CPU supports 0 MCE banks
Apr  3 06:10:30 ami kernel: #2
Apr  3 06:10:30 ami kernel: Disabled fast string operations
Apr  3 06:10:30 ami kernel: mce: CPU supports 0 MCE banks
Apr  3 06:10:30 ami kernel: #3
Apr  3 06:10:30 ami kernel: Disabled fast string operations
Apr  3 06:10:30 ami kernel: mce: CPU supports 0 MCE banks
Apr  3 06:10:30 ami kernel: Brought up 4 CPUs
Apr  3 06:10:30 ami kernel: Total of 4 processors activated (19955.19 BogoMIPS).
Apr  3 06:10:30 ami kernel: x86 PAT enabled: cpu 3, old 0x0, new 0x7010600070106
Apr  3 06:10:30 ami kernel: x86 PAT enabled: cpu 0, old 0x0, new 0x7010600070106
Apr  3 06:10:30 ami kernel: x86 PAT enabled: cpu 2, old 0x0, new 0x7010600070106
Apr  3 06:10:30 ami kernel: x86 PAT enabled: cpu 1, old 0x0, new 0x7010600070106
Apr  3 06:10:30 ami kernel: devtmpfs: initialized
Apr  3 06:10:30 ami kernel: PM: Registering ACPI NVS region at bfeff000 (4096 bytes)
Apr  3 06:10:30 ami kernel: regulator: core version 0.5
Apr  3 06:10:30 ami kernel: NET: Registered protocol family 16
Apr  3 06:10:30 ami kernel: ACPI: bus type pci registered
Apr  3 06:10:30 ami kernel: PCI: MCFG configuration 0: base e0000000 segment 0 buses 0 - 255
Apr  3 06:10:30 ami kernel: PCI: MCFG area at e0000000 reserved in E820
Apr  3 06:10:30 ami kernel: PCI: Using MMCONFIG at e0000000 - efffffff
Apr  3 06:10:30 ami kernel: PCI: Using configuration type 1 for base access
Apr  3 06:10:30 ami kernel: bio: create slab <bio-0> at 0
Apr  3 06:10:30 ami kernel: ACPI: BIOS _OSI(Linux) query ignored
Apr  3 06:10:30 ami kernel: ACPI: Interpreter enabled
Apr  3 06:10:30 ami kernel: ACPI: (supports S0 S1 S4 S5)
Apr  3 06:10:30 ami kernel: ACPI: Using IOAPIC for interrupt routing
Apr  3 06:10:30 ami kernel: ACPI: No dock devices found.
Apr  3 06:10:30 ami kernel: HEST: Table not found.
Apr  3 06:10:30 ami kernel: PCI: Using host bridge windows from ACPI; if necessary, use "pci=nocrs" and report a bug
Apr  3 06:10:30 ami kernel: ACPI: PCI Root Bridge [PCI0] (domain 0000 [bus 00-ff])
Apr  3 06:10:30 ami kernel: pci_root PNP0A03:00: host bridge window [mem 0x000a0000-0x000bffff]
Apr  3 06:10:30 ami kernel: pci_root PNP0A03:00: host bridge window [mem 0x000cc000-0x000cffff]
Apr  3 06:10:30 ami kernel: pci_root PNP0A03:00: host bridge window [mem 0x000d0000-0x000d3fff]
Apr  3 06:10:30 ami kernel: pci_root PNP0A03:00: host bridge window [mem 0x000d4000-0x000d7fff]
Apr  3 06:10:30 ami kernel: pci_root PNP0A03:00: host bridge window [mem 0x000d8000-0x000dbfff]
Apr  3 06:10:30 ami kernel: pci_root PNP0A03:00: host bridge window [mem 0xc0000000-0xfebfffff]
Apr  3 06:10:30 ami kernel: pci_root PNP0A03:00: host bridge window [io  0x0000-0x0cf7]
Apr  3 06:10:30 ami kernel: pci_root PNP0A03:00: host bridge window [io  0x0d00-0xfeff]
Apr  3 06:10:30 ami kernel: pci 0000:00:07.3: quirk: [io  0x1000-0x103f] claimed by PIIX4 ACPI
Apr  3 06:10:30 ami kernel: pci 0000:00:07.3: quirk: [io  0x1040-0x104f] claimed by PIIX4 SMB
Apr  3 06:10:30 ami kernel: pci 0000:00:15.0: PME# supported from D0 D3hot D3cold
Apr  3 06:10:30 ami kernel: pci 0000:00:15.0: PME# disabled
Apr  3 06:10:30 ami kernel: pci 0000:00:15.1: PME# supported from D0 D3hot D3cold
Apr  3 06:10:30 ami kernel: pci 0000:00:15.1: PME# disabled
Apr  3 06:10:30 ami kernel: pci 0000:00:15.2: PME# supported from D0 D3hot D3cold
Apr  3 06:10:30 ami kernel: pci 0000:00:15.2: PME# disabled
Apr  3 06:10:30 ami kernel: pci 0000:00:15.3: PME# supported from D0 D3hot D3cold
Apr  3 06:10:30 ami kernel: pci 0000:00:15.3: PME# disabled
Apr  3 06:10:30 ami kernel: pci 0000:00:15.4: PME# supported from D0 D3hot D3cold
Apr  3 06:10:30 ami kernel: pci 0000:00:15.4: PME# disabled
Apr  3 06:10:30 ami kernel: pci 0000:00:15.5: PME# supported from D0 D3hot D3cold
Apr  3 06:10:30 ami kernel: pci 0000:00:15.5: PME# disabled
Apr  3 06:10:30 ami kernel: pci 0000:00:15.6: PME# supported from D0 D3hot D3cold
Apr  3 06:10:30 ami kernel: pci 0000:00:15.6: PME# disabled
Apr  3 06:10:30 ami kernel: pci 0000:00:15.7: PME# supported from D0 D3hot D3cold
Apr  3 06:10:30 ami kernel: pci 0000:00:15.7: PME# disabled
Apr  3 06:10:30 ami kernel: pci 0000:00:16.0: PME# supported from D0 D3hot D3cold
Apr  3 06:10:30 ami kernel: pci 0000:00:16.0: PME# disabled
Apr  3 06:10:30 ami kernel: pci 0000:00:16.1: PME# supported from D0 D3hot D3cold
Apr  3 06:10:30 ami kernel: pci 0000:00:16.1: PME# disabled
Apr  3 06:10:30 ami kernel: pci 0000:00:16.2: PME# supported from D0 D3hot D3cold
Apr  3 06:10:30 ami kernel: pci 0000:00:16.2: PME# disabled
Apr  3 06:10:30 ami kernel: pci 0000:00:16.3: PME# supported from D0 D3hot D3cold
Apr  3 06:10:30 ami kernel: pci 0000:00:16.3: PME# disabled
Apr  3 06:10:30 ami kernel: pci 0000:00:16.4: PME# supported from D0 D3hot D3cold
Apr  3 06:10:30 ami kernel: pci 0000:00:16.4: PME# disabled
Apr  3 06:10:30 ami kernel: pci 0000:00:16.5: PME# supported from D0 D3hot D3cold
Apr  3 06:10:30 ami kernel: pci 0000:00:16.5: PME# disabled
Apr  3 06:10:30 ami kernel: pci 0000:00:16.6: PME# supported from D0 D3hot D3cold
Apr  3 06:10:30 ami kernel: pci 0000:00:16.6: PME# disabled
Apr  3 06:10:30 ami kernel: pci 0000:00:16.7: PME# supported from D0 D3hot D3cold
Apr  3 06:10:30 ami kernel: pci 0000:00:16.7: PME# disabled
Apr  3 06:10:30 ami kernel: pci 0000:00:17.0: PME# supported from D0 D3hot D3cold
Apr  3 06:10:30 ami kernel: pci 0000:00:17.0: PME# disabled
Apr  3 06:10:30 ami kernel: pci 0000:00:17.1: PME# supported from D0 D3hot D3cold
Apr  3 06:10:30 ami kernel: pci 0000:00:17.1: PME# disabled
Apr  3 06:10:30 ami kernel: pci 0000:00:17.2: PME# supported from D0 D3hot D3cold
Apr  3 06:10:30 ami kernel: pci 0000:00:17.2: PME# disabled
Apr  3 06:10:30 ami kernel: pci 0000:00:17.3: PME# supported from D0 D3hot D3cold
Apr  3 06:10:30 ami kernel: pci 0000:00:17.3: PME# disabled
Apr  3 06:10:30 ami kernel: pci 0000:00:17.4: PME# supported from D0 D3hot D3cold
Apr  3 06:10:30 ami kernel: pci 0000:00:17.4: PME# disabled
Apr  3 06:10:30 ami kernel: pci 0000:00:17.5: PME# supported from D0 D3hot D3cold
Apr  3 06:10:30 ami kernel: pci 0000:00:17.5: PME# disabled
Apr  3 06:10:30 ami kernel: pci 0000:00:17.6: PME# supported from D0 D3hot D3cold
Apr  3 06:10:30 ami kernel: pci 0000:00:17.6: PME# disabled
Apr  3 06:10:30 ami kernel: pci 0000:00:17.7: PME# supported from D0 D3hot D3cold
Apr  3 06:10:30 ami kernel: pci 0000:00:17.7: PME# disabled
Apr  3 06:10:30 ami kernel: pci 0000:00:18.0: PME# supported from D0 D3hot D3cold
Apr  3 06:10:30 ami kernel: pci 0000:00:18.0: PME# disabled
Apr  3 06:10:30 ami kernel: pci 0000:00:18.1: PME# supported from D0 D3hot D3cold
Apr  3 06:10:30 ami kernel: pci 0000:00:18.1: PME# disabled
Apr  3 06:10:30 ami kernel: pci 0000:00:18.2: PME# supported from D0 D3hot D3cold
Apr  3 06:10:30 ami kernel: pci 0000:00:18.2: PME# disabled
Apr  3 06:10:30 ami kernel: pci 0000:00:18.3: PME# supported from D0 D3hot D3cold
Apr  3 06:10:30 ami kernel: pci 0000:00:18.3: PME# disabled
Apr  3 06:10:30 ami kernel: pci 0000:00:18.4: PME# supported from D0 D3hot D3cold
Apr  3 06:10:30 ami kernel: pci 0000:00:18.4: PME# disabled
Apr  3 06:10:30 ami kernel: pci 0000:00:18.5: PME# supported from D0 D3hot D3cold
Apr  3 06:10:30 ami kernel: pci 0000:00:18.5: PME# disabled
Apr  3 06:10:30 ami kernel: pci 0000:00:18.6: PME# supported from D0 D3hot D3cold
Apr  3 06:10:30 ami kernel: pci 0000:00:18.6: PME# disabled
Apr  3 06:10:30 ami kernel: pci 0000:00:18.7: PME# supported from D0 D3hot D3cold
Apr  3 06:10:30 ami kernel: pci 0000:00:18.7: PME# disabled
Apr  3 06:10:30 ami kernel: pci 0000:00:01.0: PCI bridge to [bus 01-01]
Apr  3 06:10:30 ami kernel: pci 0000:00:11.0: PCI bridge to [bus 02-02] (subtractive decode)
Apr  3 06:10:30 ami kernel: pci 0000:00:15.0: PCI bridge to [bus 03-03]
Apr  3 06:10:30 ami kernel: pci 0000:00:15.1: PCI bridge to [bus 04-04]
Apr  3 06:10:30 ami kernel: pci 0000:00:15.2: PCI bridge to [bus 05-05]
Apr  3 06:10:30 ami kernel: pci 0000:00:15.3: PCI bridge to [bus 06-06]
Apr  3 06:10:30 ami kernel: pci 0000:00:15.4: PCI bridge to [bus 07-07]
Apr  3 06:10:30 ami kernel: pci 0000:00:15.5: PCI bridge to [bus 08-08]
Apr  3 06:10:30 ami kernel: pci 0000:00:15.6: PCI bridge to [bus 09-09]
Apr  3 06:10:30 ami kernel: pci 0000:00:15.7: PCI bridge to [bus 0a-0a]
Apr  3 06:10:30 ami kernel: pci 0000:00:16.0: PCI bridge to [bus 0b-0b]
Apr  3 06:10:30 ami kernel: pci 0000:00:16.1: PCI bridge to [bus 0c-0c]
Apr  3 06:10:30 ami kernel: pci 0000:00:16.2: PCI bridge to [bus 0d-0d]
Apr  3 06:10:30 ami kernel: pci 0000:00:16.3: PCI bridge to [bus 0e-0e]
Apr  3 06:10:30 ami kernel: pci 0000:00:16.4: PCI bridge to [bus 0f-0f]
Apr  3 06:10:30 ami kernel: pci 0000:00:16.5: PCI bridge to [bus 10-10]
Apr  3 06:10:30 ami kernel: pci 0000:00:16.6: PCI bridge to [bus 11-11]
Apr  3 06:10:30 ami kernel: pci 0000:00:16.7: PCI bridge to [bus 12-12]
Apr  3 06:10:30 ami kernel: pci 0000:00:17.0: PCI bridge to [bus 13-13]
Apr  3 06:10:30 ami kernel: pci 0000:00:17.1: PCI bridge to [bus 14-14]
Apr  3 06:10:30 ami kernel: pci 0000:00:17.2: PCI bridge to [bus 15-15]
Apr  3 06:10:30 ami kernel: pci 0000:00:17.3: PCI bridge to [bus 16-16]
Apr  3 06:10:30 ami kernel: pci 0000:00:17.4: PCI bridge to [bus 17-17]
Apr  3 06:10:30 ami kernel: pci 0000:00:17.5: PCI bridge to [bus 18-18]
Apr  3 06:10:30 ami kernel: pci 0000:00:17.6: PCI bridge to [bus 19-19]
Apr  3 06:10:30 ami kernel: pci 0000:00:17.7: PCI bridge to [bus 1a-1a]
Apr  3 06:10:30 ami kernel: pci 0000:00:18.0: PCI bridge to [bus 1b-1b]
Apr  3 06:10:30 ami kernel: pci 0000:00:18.1: PCI bridge to [bus 1c-1c]
Apr  3 06:10:30 ami kernel: pci 0000:00:18.2: PCI bridge to [bus 1d-1d]
Apr  3 06:10:30 ami kernel: pci 0000:00:18.3: PCI bridge to [bus 1e-1e]
Apr  3 06:10:30 ami kernel: pci 0000:00:18.4: PCI bridge to [bus 1f-1f]
Apr  3 06:10:30 ami kernel: pci 0000:00:18.5: PCI bridge to [bus 20-20]
Apr  3 06:10:30 ami kernel: pci 0000:00:18.6: PCI bridge to [bus 21-21]
Apr  3 06:10:30 ami kernel: pci 0000:00:18.7: PCI bridge to [bus 22-22]
Apr  3 06:10:30 ami kernel: pci0000:00: Requesting ACPI _OSC control (0x1d)
Apr  3 06:10:30 ami kernel: pci0000:00: ACPI _OSC control (0x15) granted
Apr  3 06:10:30 ami kernel: ACPI: PCI Interrupt Link [LNKA] (IRQs 3 4 5 6 7 *9 10 11 14 15)
Apr  3 06:10:30 ami kernel: ACPI: PCI Interrupt Link [LNKB] (IRQs 3 4 5 6 7 9 10 *11 14 15)
Apr  3 06:10:30 ami kernel: ACPI: PCI Interrupt Link [LNKC] (IRQs 3 4 5 6 7 9 *10 11 14 15)
Apr  3 06:10:30 ami kernel: ACPI: PCI Interrupt Link [LNKD] (IRQs 3 4 *5 6 7 9 10 11 14 15)
Apr  3 06:10:30 ami kernel: vgaarb: device added: PCI:0000:00:0f.0,decodes=io+mem,owns=io+mem,locks=none
Apr  3 06:10:30 ami kernel: vgaarb: loaded
Apr  3 06:10:30 ami kernel: vgaarb: bridge control possible 0000:00:0f.0
Apr  3 06:10:30 ami kernel: SCSI subsystem initialized
Apr  3 06:10:30 ami kernel: usbcore: registered new interface driver usbfs
Apr  3 06:10:30 ami kernel: usbcore: registered new interface driver hub
Apr  3 06:10:30 ami kernel: usbcore: registered new device driver usb
Apr  3 06:10:30 ami kernel: PCI: Using ACPI for IRQ routing
Apr  3 06:10:30 ami kernel: pci 0000:00:18.2: no compatible bridge window for [io  0xf000-0xffff]
Apr  3 06:10:30 ami kernel: pci 0000:00:18.2: can't reserve window [io  0xf000-0xffff]
Apr  3 06:10:30 ami kernel: NetLabel: Initializing
Apr  3 06:10:30 ami kernel: NetLabel:  domain hash size = 128
Apr  3 06:10:30 ami kernel: NetLabel:  protocols = UNLABELED CIPSOv4
Apr  3 06:10:30 ami kernel: NetLabel:  unlabeled traffic allowed by default
Apr  3 06:10:30 ami kernel: HPET: 16 timers in total, 0 timers will be used for per-cpu timer
Apr  3 06:10:30 ami kernel: hpet0: at MMIO 0xfed00000, IRQs 2, 8, 0, 0, 0, 0, 0, 0, 0, 0, 0, 0, 0, 0, 0, 0
Apr  3 06:10:30 ami kernel: hpet0: 16 comparators, 64-bit 14.318180 MHz counter
Apr  3 06:10:30 ami kernel: Switching to clocksource hpet
Apr  3 06:10:30 ami kernel: pnp: PnP ACPI init
Apr  3 06:10:30 ami kernel: ACPI: bus type pnp registered
Apr  3 06:10:30 ami kernel: pnp: PnP ACPI: found 14 devices
Apr  3 06:10:30 ami kernel: ACPI: ACPI bus type pnp unregistered
Apr  3 06:10:30 ami kernel: system 00:01: [io  0x1000-0x103f] has been reserved
Apr  3 06:10:30 ami kernel: system 00:01: [io  0x1040-0x104f] has been reserved
Apr  3 06:10:30 ami kernel: system 00:01: [io  0x0cf0-0x0cf1] has been reserved
Apr  3 06:10:30 ami kernel: system 00:08: [mem 0xfed00000-0xfed003ff] has been reserved
Apr  3 06:10:30 ami kernel: system 00:0d: [io  0x1060-0x107f] has been reserved
Apr  3 06:10:30 ami kernel: system 00:0d: [mem 0xe0000000-0xefffffff] has been reserved
Apr  3 06:10:30 ami kernel: system 00:0d: [mem 0xc8200000-0xc83fffff] has been reserved
Apr  3 06:10:30 ami kernel: pci 0000:00:0f.0: BAR 6: assigned [mem 0xc0000000-0xc0007fff pref]
Apr  3 06:10:30 ami kernel: pci 0000:00:10.0: BAR 6: assigned [mem 0xc0008000-0xc000bfff pref]
Apr  3 06:10:30 ami kernel: pci 0000:00:18.2: BAR 13: can't assign io (size 0x1000)
Apr  3 06:10:30 ami kernel: pci 0000:00:18.7: BAR 13: can't assign io (size 0x1000)
Apr  3 06:10:30 ami kernel: pci 0000:00:18.6: BAR 13: can't assign io (size 0x1000)
Apr  3 06:10:30 ami kernel: pci 0000:00:18.5: BAR 13: can't assign io (size 0x1000)
Apr  3 06:10:30 ami kernel: pci 0000:00:18.4: BAR 13: can't assign io (size 0x1000)
Apr  3 06:10:30 ami kernel: pci 0000:00:18.3: BAR 13: can't assign io (size 0x1000)
Apr  3 06:10:30 ami kernel: pci 0000:00:17.7: BAR 13: can't assign io (size 0x1000)
Apr  3 06:10:30 ami kernel: pci 0000:00:17.6: BAR 13: can't assign io (size 0x1000)
Apr  3 06:10:30 ami kernel: pci 0000:00:17.5: BAR 13: can't assign io (size 0x1000)
Apr  3 06:10:30 ami kernel: pci 0000:00:17.4: BAR 13: can't assign io (size 0x1000)
Apr  3 06:10:30 ami kernel: pci 0000:00:17.3: BAR 13: can't assign io (size 0x1000)
Apr  3 06:10:30 ami kernel: pci 0000:00:16.7: BAR 13: can't assign io (size 0x1000)
Apr  3 06:10:30 ami kernel: pci 0000:00:16.6: BAR 13: can't assign io (size 0x1000)
Apr  3 06:10:30 ami kernel: pci 0000:00:16.5: BAR 13: can't assign io (size 0x1000)
Apr  3 06:10:30 ami kernel: pci 0000:00:16.4: BAR 13: can't assign io (size 0x1000)
Apr  3 06:10:30 ami kernel: pci 0000:00:16.3: BAR 13: can't assign io (size 0x1000)
Apr  3 06:10:30 ami kernel: pci 0000:00:15.7: BAR 13: can't assign io (size 0x1000)
Apr  3 06:10:30 ami kernel: pci 0000:00:15.6: BAR 13: can't assign io (size 0x1000)
Apr  3 06:10:30 ami kernel: pci 0000:00:15.5: BAR 13: can't assign io (size 0x1000)
Apr  3 06:10:30 ami kernel: pci 0000:00:15.4: BAR 13: can't assign io (size 0x1000)
Apr  3 06:10:30 ami kernel: pci 0000:00:15.3: BAR 13: can't assign io (size 0x1000)
Apr  3 06:10:30 ami kernel: pci 0000:00:01.0: PCI bridge to [bus 01-01]
Apr  3 06:10:30 ami kernel: pci 0000:00:01.0: PCI bridge to [bus 01-01]
Apr  3 06:10:30 ami kernel: pci 0000:00:01.0:   bridge window [io  disabled]
Apr  3 06:10:30 ami kernel: pci 0000:00:01.0:   bridge window [mem disabled]
Apr  3 06:10:30 ami kernel: pci 0000:00:01.0:   bridge window [mem pref disabled]
Apr  3 06:10:30 ami kernel: pci 0000:02:01.0: BAR 6: assigned [mem 0xd8400000-0xd840ffff pref]
Apr  3 06:10:30 ami kernel: pci 0000:00:11.0: PCI bridge to [bus 02-02]
Apr  3 06:10:30 ami kernel: pci 0000:00:11.0: PCI bridge to [bus 02-02]
Apr  3 06:10:30 ami kernel: pci 0000:00:11.0:   bridge window [io  0x2000-0x3fff]
Apr  3 06:10:30 ami kernel: pci 0000:00:11.0:   bridge window [mem 0xc9000000-0xca3fffff]
Apr  3 06:10:30 ami kernel: pci 0000:00:11.0:   bridge window [mem 0xd8400000-0xd89fffff 64bit pref]
Apr  3 06:10:30 ami kernel: pci 0000:00:15.0: PCI bridge to [bus 03-03]
Apr  3 06:10:30 ami kernel: pci 0000:00:15.0: PCI bridge to [bus 03-03]
Apr  3 06:10:30 ami kernel: pci 0000:00:15.0:   bridge window [io  0x4000-0x4fff]
Apr  3 06:10:30 ami kernel: pci 0000:00:15.0:   bridge window [mem 0xca400000-0xca4fffff]
Apr  3 06:10:30 ami kernel: pci 0000:00:15.0:   bridge window [mem 0xd8a00000-0xd8afffff 64bit pref]
Apr  3 06:10:30 ami kernel: pci 0000:00:15.1: PCI bridge to [bus 04-04]
Apr  3 06:10:30 ami kernel: pci 0000:00:15.1: PCI bridge to [bus 04-04]
Apr  3 06:10:30 ami kernel: pci 0000:00:15.1:   bridge window [io  0x8000-0x8fff]
Apr  3 06:10:30 ami kernel: pci 0000:00:15.1:   bridge window [mem 0xca800000-0xca8fffff]
Apr  3 06:10:30 ami kernel: pci 0000:00:15.1:   bridge window [mem 0xd8e00000-0xd8efffff 64bit pref]
Apr  3 06:10:30 ami kernel: pci 0000:00:15.2: PCI bridge to [bus 05-05]
Apr  3 06:10:30 ami kernel: pci 0000:00:15.2: PCI bridge to [bus 05-05]
Apr  3 06:10:30 ami kernel: pci 0000:00:15.2:   bridge window [io  0xc000-0xcfff]
Apr  3 06:10:30 ami kernel: pci 0000:00:15.2:   bridge window [mem 0xcac00000-0xcacfffff]
Apr  3 06:10:30 ami kernel: pci 0000:00:15.2:   bridge window [mem 0xd9200000-0xd92fffff 64bit pref]
Apr  3 06:10:30 ami kernel: pci 0000:00:15.3: PCI bridge to [bus 06-06]
Apr  3 06:10:30 ami kernel: pci 0000:00:15.3: PCI bridge to [bus 06-06]
Apr  3 06:10:30 ami kernel: pci 0000:00:15.3:   bridge window [io  disabled]
Apr  3 06:10:30 ami kernel: pci 0000:00:15.3:   bridge window [mem 0xcb000000-0xcb0fffff]
Apr  3 06:10:30 ami kernel: pci 0000:00:15.3:   bridge window [mem 0xd9600000-0xd96fffff 64bit pref]
Apr  3 06:10:30 ami kernel: pci 0000:00:15.4: PCI bridge to [bus 07-07]
Apr  3 06:10:30 ami kernel: pci 0000:00:15.4: PCI bridge to [bus 07-07]
Apr  3 06:10:30 ami kernel: pci 0000:00:15.4:   bridge window [io  disabled]
Apr  3 06:10:30 ami kernel: pci 0000:00:15.4:   bridge window [mem 0xcb400000-0xcb4fffff]
Apr  3 06:10:30 ami kernel: pci 0000:00:15.4:   bridge window [mem 0xd9a00000-0xd9afffff 64bit pref]
Apr  3 06:10:30 ami kernel: pci 0000:00:15.5: PCI bridge to [bus 08-08]
Apr  3 06:10:30 ami kernel: pci 0000:00:15.5: PCI bridge to [bus 08-08]
Apr  3 06:10:30 ami kernel: pci 0000:00:15.5:   bridge window [io  disabled]
Apr  3 06:10:30 ami kernel: pci 0000:00:15.5:   bridge window [mem 0xcb800000-0xcb8fffff]
Apr  3 06:10:30 ami kernel: pci 0000:00:15.5:   bridge window [mem 0xd9e00000-0xd9efffff 64bit pref]
Apr  3 06:10:30 ami kernel: pci 0000:00:15.6: PCI bridge to [bus 09-09]
Apr  3 06:10:30 ami kernel: pci 0000:00:15.6: PCI bridge to [bus 09-09]
Apr  3 06:10:30 ami kernel: pci 0000:00:15.6:   bridge window [io  disabled]
Apr  3 06:10:30 ami kernel: pci 0000:00:15.6:   bridge window [mem 0xcbc00000-0xcbcfffff]
Apr  3 06:10:30 ami kernel: pci 0000:00:15.6:   bridge window [mem 0xda200000-0xda2fffff 64bit pref]
Apr  3 06:10:30 ami kernel: pci 0000:00:15.7: PCI bridge to [bus 0a-0a]
Apr  3 06:10:30 ami kernel: pci 0000:00:15.7: PCI bridge to [bus 0a-0a]
Apr  3 06:10:30 ami kernel: pci 0000:00:15.7:   bridge window [io  disabled]
Apr  3 06:10:30 ami kernel: pci 0000:00:15.7:   bridge window [mem 0xcc000000-0xcc0fffff]
Apr  3 06:10:30 ami kernel: pci 0000:00:15.7:   bridge window [mem 0xda600000-0xda6fffff 64bit pref]
Apr  3 06:10:30 ami kernel: pci 0000:00:16.0: PCI bridge to [bus 0b-0b]
Apr  3 06:10:30 ami kernel: pci 0000:00:16.0: PCI bridge to [bus 0b-0b]
Apr  3 06:10:30 ami kernel: pci 0000:00:16.0:   bridge window [io  0x5000-0x5fff]
Apr  3 06:10:30 ami kernel: pci 0000:00:16.0:   bridge window [mem 0xca500000-0xca5fffff]
Apr  3 06:10:30 ami kernel: pci 0000:00:16.0:   bridge window [mem 0xd8b00000-0xd8bfffff 64bit pref]
Apr  3 06:10:30 ami kernel: pci 0000:00:16.1: PCI bridge to [bus 0c-0c]
Apr  3 06:10:30 ami kernel: pci 0000:00:16.1: PCI bridge to [bus 0c-0c]
Apr  3 06:10:30 ami kernel: pci 0000:00:16.1:   bridge window [io  0x9000-0x9fff]
Apr  3 06:10:30 ami kernel: pci 0000:00:16.1:   bridge window [mem 0xca900000-0xca9fffff]
Apr  3 06:10:30 ami kernel: pci 0000:00:16.1:   bridge window [mem 0xd8f00000-0xd8ffffff 64bit pref]
Apr  3 06:10:30 ami kernel: pci 0000:00:16.2: PCI bridge to [bus 0d-0d]
Apr  3 06:10:30 ami kernel: pci 0000:00:16.2: PCI bridge to [bus 0d-0d]
Apr  3 06:10:30 ami kernel: pci 0000:00:16.2:   bridge window [io  0xd000-0xdfff]
Apr  3 06:10:30 ami kernel: pci 0000:00:16.2:   bridge window [mem 0xcad00000-0xcadfffff]
Apr  3 06:10:30 ami kernel: pci 0000:00:16.2:   bridge window [mem 0xd9300000-0xd93fffff 64bit pref]
Apr  3 06:10:30 ami kernel: pci 0000:00:16.3: PCI bridge to [bus 0e-0e]
Apr  3 06:10:30 ami kernel: pci 0000:00:16.3: PCI bridge to [bus 0e-0e]
Apr  3 06:10:30 ami kernel: pci 0000:00:16.3:   bridge window [io  disabled]
Apr  3 06:10:30 ami kernel: pci 0000:00:16.3:   bridge window [mem 0xcb100000-0xcb1fffff]
Apr  3 06:10:30 ami kernel: pci 0000:00:16.3:   bridge window [mem 0xd9700000-0xd97fffff 64bit pref]
Apr  3 06:10:30 ami kernel: pci 0000:00:16.4: PCI bridge to [bus 0f-0f]
Apr  3 06:10:30 ami kernel: pci 0000:00:16.4: PCI bridge to [bus 0f-0f]
Apr  3 06:10:30 ami kernel: pci 0000:00:16.4:   bridge window [io  disabled]
Apr  3 06:10:30 ami kernel: pci 0000:00:16.4:   bridge window [mem 0xcb500000-0xcb5fffff]
Apr  3 06:10:30 ami kernel: pci 0000:00:16.4:   bridge window [mem 0xd9b00000-0xd9bfffff 64bit pref]
Apr  3 06:10:30 ami kernel: pci 0000:00:16.5: PCI bridge to [bus 10-10]
Apr  3 06:10:30 ami kernel: pci 0000:00:16.5: PCI bridge to [bus 10-10]
Apr  3 06:10:30 ami kernel: pci 0000:00:16.5:   bridge window [io  disabled]
Apr  3 06:10:30 ami kernel: pci 0000:00:16.5:   bridge window [mem 0xcb900000-0xcb9fffff]
Apr  3 06:10:30 ami kernel: pci 0000:00:16.5:   bridge window [mem 0xd9f00000-0xd9ffffff 64bit pref]
Apr  3 06:10:30 ami kernel: pci 0000:00:16.6: PCI bridge to [bus 11-11]
Apr  3 06:10:30 ami kernel: pci 0000:00:16.6: PCI bridge to [bus 11-11]
Apr  3 06:10:30 ami kernel: pci 0000:00:16.6:   bridge window [io  disabled]
Apr  3 06:10:30 ami kernel: pci 0000:00:16.6:   bridge window [mem 0xcbd00000-0xcbdfffff]
Apr  3 06:10:30 ami kernel: pci 0000:00:16.6:   bridge window [mem 0xda300000-0xda3fffff 64bit pref]
Apr  3 06:10:30 ami kernel: pci 0000:00:16.7: PCI bridge to [bus 12-12]
Apr  3 06:10:30 ami kernel: pci 0000:00:16.7: PCI bridge to [bus 12-12]
Apr  3 06:10:30 ami kernel: pci 0000:00:16.7:   bridge window [io  disabled]
Apr  3 06:10:30 ami kernel: pci 0000:00:16.7:   bridge window [mem 0xcc100000-0xcc1fffff]
Apr  3 06:10:30 ami kernel: pci 0000:00:16.7:   bridge window [mem 0xda700000-0xda7fffff 64bit pref]
Apr  3 06:10:30 ami kernel: pci 0000:00:17.0: PCI bridge to [bus 13-13]
Apr  3 06:10:30 ami kernel: pci 0000:00:17.0: PCI bridge to [bus 13-13]
Apr  3 06:10:30 ami kernel: pci 0000:00:17.0:   bridge window [io  0x6000-0x6fff]
Apr  3 06:10:30 ami kernel: pci 0000:00:17.0:   bridge window [mem 0xca600000-0xca6fffff]
Apr  3 06:10:30 ami kernel: pci 0000:00:17.0:   bridge window [mem 0xd8c00000-0xd8cfffff 64bit pref]
Apr  3 06:10:30 ami kernel: pci 0000:00:17.1: PCI bridge to [bus 14-14]
Apr  3 06:10:30 ami kernel: pci 0000:00:17.1: PCI bridge to [bus 14-14]
Apr  3 06:10:30 ami kernel: pci 0000:00:17.1:   bridge window [io  0xa000-0xafff]
Apr  3 06:10:30 ami kernel: pci 0000:00:17.1:   bridge window [mem 0xcaa00000-0xcaafffff]
Apr  3 06:10:30 ami kernel: pci 0000:00:17.1:   bridge window [mem 0xd9000000-0xd90fffff 64bit pref]
Apr  3 06:10:30 ami kernel: pci 0000:00:17.2: PCI bridge to [bus 15-15]
Apr  3 06:10:30 ami kernel: pci 0000:00:17.2: PCI bridge to [bus 15-15]
Apr  3 06:10:30 ami kernel: pci 0000:00:17.2:   bridge window [io  0xe000-0xefff]
Apr  3 06:10:30 ami kernel: pci 0000:00:17.2:   bridge window [mem 0xcae00000-0xcaefffff]
Apr  3 06:10:30 ami kernel: pci 0000:00:17.2:   bridge window [mem 0xd9400000-0xd94fffff 64bit pref]
Apr  3 06:10:30 ami kernel: pci 0000:00:17.3: PCI bridge to [bus 16-16]
Apr  3 06:10:30 ami kernel: pci 0000:00:17.3: PCI bridge to [bus 16-16]
Apr  3 06:10:30 ami kernel: pci 0000:00:17.3:   bridge window [io  disabled]
Apr  3 06:10:30 ami kernel: pci 0000:00:17.3:   bridge window [mem 0xcb200000-0xcb2fffff]
Apr  3 06:10:30 ami kernel: pci 0000:00:17.3:   bridge window [mem 0xd9800000-0xd98fffff 64bit pref]
Apr  3 06:10:30 ami kernel: pci 0000:00:17.4: PCI bridge to [bus 17-17]
Apr  3 06:10:30 ami kernel: pci 0000:00:17.4: PCI bridge to [bus 17-17]
Apr  3 06:10:30 ami kernel: pci 0000:00:17.4:   bridge window [io  disabled]
Apr  3 06:10:30 ami kernel: pci 0000:00:17.4:   bridge window [mem 0xcb600000-0xcb6fffff]
Apr  3 06:10:30 ami kernel: pci 0000:00:17.4:   bridge window [mem 0xd9c00000-0xd9cfffff 64bit pref]
Apr  3 06:10:30 ami kernel: pci 0000:00:17.5: PCI bridge to [bus 18-18]
Apr  3 06:10:30 ami kernel: pci 0000:00:17.5: PCI bridge to [bus 18-18]
Apr  3 06:10:30 ami kernel: pci 0000:00:17.5:   bridge window [io  disabled]
Apr  3 06:10:30 ami kernel: pci 0000:00:17.5:   bridge window [mem 0xcba00000-0xcbafffff]
Apr  3 06:10:30 ami kernel: pci 0000:00:17.5:   bridge window [mem 0xda000000-0xda0fffff 64bit pref]
Apr  3 06:10:30 ami kernel: pci 0000:00:17.6: PCI bridge to [bus 19-19]
Apr  3 06:10:30 ami kernel: pci 0000:00:17.6: PCI bridge to [bus 19-19]
Apr  3 06:10:30 ami kernel: pci 0000:00:17.6:   bridge window [io  disabled]
Apr  3 06:10:30 ami kernel: pci 0000:00:17.6:   bridge window [mem 0xcbe00000-0xcbefffff]
Apr  3 06:10:30 ami kernel: pci 0000:00:17.6:   bridge window [mem 0xda400000-0xda4fffff 64bit pref]
Apr  3 06:10:30 ami kernel: pci 0000:00:17.7: PCI bridge to [bus 1a-1a]
Apr  3 06:10:30 ami kernel: pci 0000:00:17.7: PCI bridge to [bus 1a-1a]
Apr  3 06:10:30 ami kernel: pci 0000:00:17.7:   bridge window [io  disabled]
Apr  3 06:10:30 ami kernel: pci 0000:00:17.7:   bridge window [mem 0xcc200000-0xcc2fffff]
Apr  3 06:10:30 ami kernel: pci 0000:00:17.7:   bridge window [mem 0xda800000-0xda8fffff 64bit pref]
Apr  3 06:10:30 ami kernel: pci 0000:00:18.0: PCI bridge to [bus 1b-1b]
Apr  3 06:10:30 ami kernel: pci 0000:00:18.0: PCI bridge to [bus 1b-1b]
Apr  3 06:10:30 ami kernel: pci 0000:00:18.0:   bridge window [io  0x7000-0x7fff]
Apr  3 06:10:30 ami kernel: pci 0000:00:18.0:   bridge window [mem 0xca700000-0xca7fffff]
Apr  3 06:10:30 ami kernel: pci 0000:00:18.0:   bridge window [mem 0xd8d00000-0xd8dfffff 64bit pref]
Apr  3 06:10:30 ami kernel: pci 0000:00:18.1: PCI bridge to [bus 1c-1c]
Apr  3 06:10:30 ami kernel: pci 0000:00:18.1: PCI bridge to [bus 1c-1c]
Apr  3 06:10:30 ami kernel: pci 0000:00:18.1:   bridge window [io  0xb000-0xbfff]
Apr  3 06:10:30 ami kernel: pci 0000:00:18.1:   bridge window [mem 0xcab00000-0xcabfffff]
Apr  3 06:10:30 ami kernel: pci 0000:00:18.1:   bridge window [mem 0xd9100000-0xd91fffff 64bit pref]
Apr  3 06:10:30 ami kernel: pci 0000:00:18.2: PCI bridge to [bus 1d-1d]
Apr  3 06:10:30 ami kernel: pci 0000:00:18.2: PCI bridge to [bus 1d-1d]
Apr  3 06:10:30 ami kernel: pci 0000:00:18.2:   bridge window [io  disabled]
Apr  3 06:10:30 ami kernel: pci 0000:00:18.2:   bridge window [mem 0xcaf00000-0xcaffffff]
Apr  3 06:10:30 ami kernel: pci 0000:00:18.2:   bridge window [mem 0xd9500000-0xd95fffff 64bit pref]
Apr  3 06:10:30 ami kernel: pci 0000:00:18.3: PCI bridge to [bus 1e-1e]
Apr  3 06:10:30 ami kernel: pci 0000:00:18.3: PCI bridge to [bus 1e-1e]
Apr  3 06:10:30 ami kernel: pci 0000:00:18.3:   bridge window [io  disabled]
Apr  3 06:10:30 ami kernel: pci 0000:00:18.3:   bridge window [mem 0xcb300000-0xcb3fffff]
Apr  3 06:10:30 ami kernel: pci 0000:00:18.3:   bridge window [mem 0xd9900000-0xd99fffff 64bit pref]
Apr  3 06:10:30 ami kernel: pci 0000:00:18.4: PCI bridge to [bus 1f-1f]
Apr  3 06:10:30 ami kernel: pci 0000:00:18.4: PCI bridge to [bus 1f-1f]
Apr  3 06:10:30 ami kernel: pci 0000:00:18.4:   bridge window [io  disabled]
Apr  3 06:10:30 ami kernel: pci 0000:00:18.4:   bridge window [mem 0xcb700000-0xcb7fffff]
Apr  3 06:10:30 ami kernel: pci 0000:00:18.4:   bridge window [mem 0xd9d00000-0xd9dfffff 64bit pref]
Apr  3 06:10:30 ami kernel: pci 0000:00:18.5: PCI bridge to [bus 20-20]
Apr  3 06:10:30 ami kernel: pci 0000:00:18.5: PCI bridge to [bus 20-20]
Apr  3 06:10:30 ami kernel: pci 0000:00:18.5:   bridge window [io  disabled]
Apr  3 06:10:30 ami kernel: pci 0000:00:18.5:   bridge window [mem 0xcbb00000-0xcbbfffff]
Apr  3 06:10:30 ami kernel: pci 0000:00:18.5:   bridge window [mem 0xda100000-0xda1fffff 64bit pref]
Apr  3 06:10:30 ami kernel: pci 0000:00:18.6: PCI bridge to [bus 21-21]
Apr  3 06:10:30 ami kernel: pci 0000:00:18.6: PCI bridge to [bus 21-21]
Apr  3 06:10:30 ami kernel: pci 0000:00:18.6:   bridge window [io  disabled]
Apr  3 06:10:30 ami kernel: pci 0000:00:18.6:   bridge window [mem 0xcbf00000-0xcbffffff]
Apr  3 06:10:30 ami kernel: pci 0000:00:18.6:   bridge window [mem 0xda500000-0xda5fffff 64bit pref]
Apr  3 06:10:30 ami kernel: pci 0000:00:18.7: PCI bridge to [bus 22-22]
Apr  3 06:10:30 ami kernel: pci 0000:00:18.7: PCI bridge to [bus 22-22]
Apr  3 06:10:30 ami kernel: pci 0000:00:18.7:   bridge window [io  disabled]
Apr  3 06:10:30 ami kernel: pci 0000:00:18.7:   bridge window [mem 0xcc300000-0xcc3fffff]
Apr  3 06:10:30 ami kernel: pci 0000:00:18.7:   bridge window [mem 0xda900000-0xda9fffff 64bit pref]
Apr  3 06:10:30 ami kernel: NET: Registered protocol family 2
Apr  3 06:10:30 ami kernel: IP route cache hash table entries: 131072 (order: 8, 1048576 bytes)
Apr  3 06:10:30 ami kernel: TCP established hash table entries: 524288 (order: 11, 8388608 bytes)
Apr  3 06:10:30 ami kernel: TCP bind hash table entries: 65536 (order: 8, 1048576 bytes)
Apr  3 06:10:30 ami kernel: TCP: Hash tables configured (established 524288 bind 65536)
Apr  3 06:10:30 ami kernel: TCP reno registered
Apr  3 06:10:30 ami kernel: NET: Registered protocol family 1
Apr  3 06:10:30 ami kernel: pci 0000:00:00.0: Limiting direct PCI/PCI transfers
Apr  3 06:10:30 ami kernel: pci 0000:02:00.0: PCI INT A -> GSI 18 (level, low) -> IRQ 18
Apr  3 06:10:30 ami kernel: pci 0000:02:00.0: PCI INT A disabled
Apr  3 06:10:30 ami kernel: pci 0000:02:03.0: PCI INT A -> GSI 17 (level, low) -> IRQ 17
Apr  3 06:10:30 ami kernel: pci 0000:02:03.0: PCI INT A disabled
Apr  3 06:10:30 ami kernel: Trying to unpack rootfs image as initramfs...
Apr  3 06:10:30 ami kernel: Freeing initrd memory: 23958k freed
Apr  3 06:10:30 ami kernel: Simple Boot Flag at 0x36 set to 0x80
Apr  3 06:10:30 ami kernel: audit: initializing netlink socket (disabled)
Apr  3 06:10:30 ami kernel: type=2000 audit(1364994601.794:1): initialized
Apr  3 06:10:30 ami kernel: HugeTLB registered 2 MB page size, pre-allocated 0 pages
Apr  3 06:10:30 ami kernel: VFS: Disk quotas dquot_6.5.2
Apr  3 06:10:30 ami kernel: Dquot-cache hash table entries: 512 (order 0, 4096 bytes)
Apr  3 06:10:30 ami kernel: msgmni has been set to 7650
Apr  3 06:10:30 ami kernel: alg: No test for stdrng (krng)
Apr  3 06:10:30 ami kernel: ksign: Installing public key data
Apr  3 06:10:30 ami kernel: Loading keyring
Apr  3 06:10:30 ami kernel: - Added public key F6C3AA06EA24DE0A
Apr  3 06:10:30 ami kernel: - User ID: CentOS (Kernel Module GPG key)
Apr  3 06:10:30 ami kernel: Block layer SCSI generic (bsg) driver version 0.4 loaded (major 252)
Apr  3 06:10:30 ami kernel: io scheduler noop registered
Apr  3 06:10:30 ami kernel: io scheduler anticipatory registered
Apr  3 06:10:30 ami kernel: io scheduler deadline registered
Apr  3 06:10:30 ami kernel: io scheduler cfq registered (default)
Apr  3 06:10:30 ami kernel: pci_hotplug: PCI Hot Plug PCI Core version: 0.5
Apr  3 06:10:30 ami kernel: pciehp 0000:00:15.0:pcie04: HPC vendor_id 15ad device_id 7a0 ss_vid 0 ss_did 0
Apr  3 06:10:30 ami kernel: pciehp 0000:00:15.1:pcie04: HPC vendor_id 15ad device_id 7a0 ss_vid 0 ss_did 0
Apr  3 06:10:30 ami kernel: pciehp 0000:00:15.2:pcie04: HPC vendor_id 15ad device_id 7a0 ss_vid 0 ss_did 0
Apr  3 06:10:30 ami kernel: pciehp 0000:00:15.3:pcie04: HPC vendor_id 15ad device_id 7a0 ss_vid 0 ss_did 0
Apr  3 06:10:30 ami kernel: pciehp 0000:00:15.4:pcie04: HPC vendor_id 15ad device_id 7a0 ss_vid 0 ss_did 0
Apr  3 06:10:30 ami kernel: pciehp 0000:00:15.5:pcie04: HPC vendor_id 15ad device_id 7a0 ss_vid 0 ss_did 0
Apr  3 06:10:30 ami kernel: pciehp 0000:00:15.6:pcie04: HPC vendor_id 15ad device_id 7a0 ss_vid 0 ss_did 0
Apr  3 06:10:30 ami kernel: pciehp 0000:00:15.7:pcie04: HPC vendor_id 15ad device_id 7a0 ss_vid 0 ss_did 0
Apr  3 06:10:30 ami kernel: pciehp 0000:00:16.0:pcie04: HPC vendor_id 15ad device_id 7a0 ss_vid 0 ss_did 0
Apr  3 06:10:30 ami kernel: pciehp 0000:00:16.1:pcie04: HPC vendor_id 15ad device_id 7a0 ss_vid 0 ss_did 0
Apr  3 06:10:30 ami kernel: pciehp 0000:00:16.2:pcie04: HPC vendor_id 15ad device_id 7a0 ss_vid 0 ss_did 0
Apr  3 06:10:30 ami kernel: pciehp 0000:00:16.3:pcie04: HPC vendor_id 15ad device_id 7a0 ss_vid 0 ss_did 0
Apr  3 06:10:30 ami kernel: pciehp 0000:00:16.4:pcie04: HPC vendor_id 15ad device_id 7a0 ss_vid 0 ss_did 0
Apr  3 06:10:30 ami kernel: pciehp 0000:00:16.5:pcie04: HPC vendor_id 15ad device_id 7a0 ss_vid 0 ss_did 0
Apr  3 06:10:30 ami kernel: pciehp 0000:00:16.6:pcie04: HPC vendor_id 15ad device_id 7a0 ss_vid 0 ss_did 0
Apr  3 06:10:30 ami kernel: pciehp 0000:00:16.7:pcie04: HPC vendor_id 15ad device_id 7a0 ss_vid 0 ss_did 0
Apr  3 06:10:30 ami kernel: pciehp 0000:00:17.0:pcie04: HPC vendor_id 15ad device_id 7a0 ss_vid 0 ss_did 0
Apr  3 06:10:30 ami kernel: pciehp 0000:00:17.1:pcie04: HPC vendor_id 15ad device_id 7a0 ss_vid 0 ss_did 0
Apr  3 06:10:30 ami kernel: pciehp 0000:00:17.2:pcie04: HPC vendor_id 15ad device_id 7a0 ss_vid 0 ss_did 0
Apr  3 06:10:30 ami kernel: pciehp 0000:00:17.3:pcie04: HPC vendor_id 15ad device_id 7a0 ss_vid 0 ss_did 0
Apr  3 06:10:30 ami kernel: pciehp 0000:00:17.4:pcie04: HPC vendor_id 15ad device_id 7a0 ss_vid 0 ss_did 0
Apr  3 06:10:30 ami kernel: pciehp 0000:00:17.5:pcie04: HPC vendor_id 15ad device_id 7a0 ss_vid 0 ss_did 0
Apr  3 06:10:30 ami kernel: pciehp 0000:00:17.6:pcie04: HPC vendor_id 15ad device_id 7a0 ss_vid 0 ss_did 0
Apr  3 06:10:30 ami kernel: pciehp 0000:00:17.7:pcie04: HPC vendor_id 15ad device_id 7a0 ss_vid 0 ss_did 0
Apr  3 06:10:30 ami kernel: pciehp 0000:00:18.0:pcie04: HPC vendor_id 15ad device_id 7a0 ss_vid 0 ss_did 0
Apr  3 06:10:30 ami kernel: pciehp 0000:00:18.1:pcie04: HPC vendor_id 15ad device_id 7a0 ss_vid 0 ss_did 0
Apr  3 06:10:30 ami kernel: pciehp 0000:00:18.2:pcie04: HPC vendor_id 15ad device_id 7a0 ss_vid 0 ss_did 0
Apr  3 06:10:30 ami kernel: pciehp 0000:00:18.3:pcie04: HPC vendor_id 15ad device_id 7a0 ss_vid 0 ss_did 0
Apr  3 06:10:30 ami kernel: pciehp 0000:00:18.4:pcie04: HPC vendor_id 15ad device_id 7a0 ss_vid 0 ss_did 0
Apr  3 06:10:30 ami kernel: pciehp 0000:00:18.5:pcie04: HPC vendor_id 15ad device_id 7a0 ss_vid 0 ss_did 0
Apr  3 06:10:30 ami kernel: pciehp 0000:00:18.6:pcie04: HPC vendor_id 15ad device_id 7a0 ss_vid 0 ss_did 0
Apr  3 06:10:30 ami kernel: pciehp 0000:00:18.7:pcie04: HPC vendor_id 15ad device_id 7a0 ss_vid 0 ss_did 0
Apr  3 06:10:30 ami kernel: pciehp: PCI Express Hot Plug Controller Driver version: 0.4
Apr  3 06:10:30 ami kernel: acpiphp: ACPI Hot Plug PCI Controller Driver version: 0.5
Apr  3 06:10:30 ami kernel: acpiphp: Slot [32] registered
Apr  3 06:10:30 ami kernel: acpiphp: Slot [33] registered
Apr  3 06:10:30 ami kernel: acpiphp: Slot [34] registered
Apr  3 06:10:30 ami kernel: acpiphp: Slot [35] registered
Apr  3 06:10:30 ami kernel: acpiphp: Slot [36] registered
Apr  3 06:10:30 ami kernel: acpiphp: Slot [37] registered
Apr  3 06:10:30 ami kernel: acpiphp: Slot [38] registered
Apr  3 06:10:30 ami kernel: acpiphp: Slot [39] registered
Apr  3 06:10:30 ami kernel: acpiphp: Slot [40] registered
Apr  3 06:10:30 ami kernel: acpiphp: Slot [41] registered
Apr  3 06:10:30 ami kernel: acpiphp: Slot [42] registered
Apr  3 06:10:30 ami kernel: acpiphp: Slot [43] registered
Apr  3 06:10:30 ami kernel: acpiphp: Slot [44] registered
Apr  3 06:10:30 ami kernel: acpiphp: Slot [45] registered
Apr  3 06:10:30 ami kernel: acpiphp: Slot [46] registered
Apr  3 06:10:30 ami kernel: acpiphp: Slot [47] registered
Apr  3 06:10:30 ami kernel: acpiphp: Slot [48] registered
Apr  3 06:10:30 ami kernel: acpiphp: Slot [49] registered
Apr  3 06:10:30 ami kernel: acpiphp: Slot [50] registered
Apr  3 06:10:30 ami kernel: acpiphp: Slot [51] registered
Apr  3 06:10:30 ami kernel: acpiphp: Slot [52] registered
Apr  3 06:10:30 ami kernel: acpiphp: Slot [53] registered
Apr  3 06:10:30 ami kernel: acpiphp: Slot [54] registered
Apr  3 06:10:30 ami kernel: acpiphp: Slot [55] registered
Apr  3 06:10:30 ami kernel: acpiphp: Slot [56] registered
Apr  3 06:10:30 ami kernel: acpiphp: Slot [57] registered
Apr  3 06:10:30 ami kernel: acpiphp: Slot [58] registered
Apr  3 06:10:30 ami kernel: acpiphp: Slot [59] registered
Apr  3 06:10:30 ami kernel: acpiphp: Slot [60] registered
Apr  3 06:10:30 ami kernel: acpiphp: Slot [61] registered
Apr  3 06:10:30 ami kernel: acpiphp: Slot [62] registered
Apr  3 06:10:30 ami kernel: acpiphp: Slot [63] registered
Apr  3 06:10:30 ami kernel: acpiphp_glue: Slot 160 already registered by another hotplug driver
Apr  3 06:10:30 ami kernel: acpiphp_glue: Slot 192 already registered by another hotplug driver
Apr  3 06:10:30 ami kernel: acpiphp_glue: Slot 224 already registered by another hotplug driver
Apr  3 06:10:30 ami kernel: acpiphp_glue: Slot 256 already registered by another hotplug driver
Apr  3 06:10:30 ami kernel: acpiphp_glue: Slot 161 already registered by another hotplug driver
Apr  3 06:10:30 ami kernel: acpiphp_glue: Slot 162 already registered by another hotplug driver
Apr  3 06:10:30 ami kernel: acpiphp_glue: Slot 163 already registered by another hotplug driver
Apr  3 06:10:30 ami kernel: acpiphp_glue: Slot 164 already registered by another hotplug driver
Apr  3 06:10:30 ami kernel: acpiphp_glue: Slot 165 already registered by another hotplug driver
Apr  3 06:10:30 ami kernel: acpiphp_glue: Slot 166 already registered by another hotplug driver
Apr  3 06:10:30 ami kernel: acpiphp_glue: Slot 167 already registered by another hotplug driver
Apr  3 06:10:30 ami kernel: acpiphp_glue: Slot 193 already registered by another hotplug driver
Apr  3 06:10:30 ami kernel: acpiphp_glue: Slot 194 already registered by another hotplug driver
Apr  3 06:10:30 ami kernel: acpiphp_glue: Slot 195 already registered by another hotplug driver
Apr  3 06:10:30 ami kernel: acpiphp_glue: Slot 196 already registered by another hotplug driver
Apr  3 06:10:30 ami kernel: acpiphp_glue: Slot 197 already registered by another hotplug driver
Apr  3 06:10:30 ami kernel: acpiphp_glue: Slot 198 already registered by another hotplug driver
Apr  3 06:10:30 ami kernel: acpiphp_glue: Slot 199 already registered by another hotplug driver
Apr  3 06:10:30 ami kernel: acpiphp_glue: Slot 225 already registered by another hotplug driver
Apr  3 06:10:30 ami kernel: acpiphp_glue: Slot 226 already registered by another hotplug driver
Apr  3 06:10:30 ami kernel: acpiphp_glue: Slot 227 already registered by another hotplug driver
Apr  3 06:10:30 ami kernel: acpiphp_glue: Slot 228 already registered by another hotplug driver
Apr  3 06:10:30 ami kernel: acpiphp_glue: Slot 229 already registered by another hotplug driver
Apr  3 06:10:30 ami kernel: acpiphp_glue: Slot 230 already registered by another hotplug driver
Apr  3 06:10:30 ami kernel: acpiphp_glue: Slot 231 already registered by another hotplug driver
Apr  3 06:10:30 ami kernel: acpiphp_glue: Slot 257 already registered by another hotplug driver
Apr  3 06:10:30 ami kernel: acpiphp_glue: Slot 258 already registered by another hotplug driver
Apr  3 06:10:30 ami kernel: acpiphp_glue: Slot 259 already registered by another hotplug driver
Apr  3 06:10:30 ami kernel: acpiphp_glue: Slot 260 already registered by another hotplug driver
Apr  3 06:10:30 ami kernel: acpiphp_glue: Slot 261 already registered by another hotplug driver
Apr  3 06:10:30 ami kernel: acpiphp_glue: Slot 262 already registered by another hotplug driver
Apr  3 06:10:30 ami kernel: acpiphp_glue: Slot 263 already registered by another hotplug driver
Apr  3 06:10:30 ami kernel: ACPI: AC Adapter [ACAD] (on-line)
Apr  3 06:10:30 ami kernel: input: Power Button as /devices/LNXSYSTM:00/LNXPWRBN:00/input/input0
Apr  3 06:10:30 ami kernel: ACPI: Power Button [PWRF]
Apr  3 06:10:30 ami kernel: Refined TSC clocksource calibration: 2494.394 MHz.
Apr  3 06:10:30 ami kernel: Switching to clocksource tsc
Apr  3 06:10:30 ami kernel: ERST: Table is not found!
Apr  3 06:10:30 ami kernel: GHES: HEST is not enabled!
Apr  3 06:10:30 ami kernel: Non-volatile memory driver v1.3
Apr  3 06:10:30 ami kernel: Linux agpgart interface v0.103
Apr  3 06:10:30 ami kernel: agpgart-intel 0000:00:00.0: Intel 440BX Chipset
Apr  3 06:10:30 ami kernel: agpgart-intel 0000:00:00.0: AGP aperture is 256M @ 0x0
Apr  3 06:10:30 ami kernel: crash memory driver: version 1.1
Apr  3 06:10:30 ami kernel: Serial: 8250/16550 driver, 4 ports, IRQ sharing enabled
Apr  3 06:10:30 ami kernel: serial8250: ttyS0 at I/O 0x3f8 (irq = 4) is a 16550A
Apr  3 06:10:30 ami kernel: serial8250: ttyS1 at I/O 0x2f8 (irq = 3) is a 16550A
Apr  3 06:10:30 ami kernel: 00:0a: ttyS0 at I/O 0x3f8 (irq = 4) is a 16550A
Apr  3 06:10:30 ami kernel: 00:0b: ttyS1 at I/O 0x2f8 (irq = 3) is a 16550A
Apr  3 06:10:30 ami kernel: brd: module loaded
Apr  3 06:10:30 ami kernel: loop: module loaded
Apr  3 06:10:30 ami kernel: input: Macintosh mouse button emulation as /devices/virtual/input/input1
Apr  3 06:10:30 ami kernel: Fixed MDIO Bus: probed
Apr  3 06:10:30 ami kernel: ehci_hcd: USB 2.0 'Enhanced' Host Controller (EHCI) Driver
Apr  3 06:10:30 ami kernel: ehci_hcd 0000:02:03.0: PCI INT A -> GSI 17 (level, low) -> IRQ 17
Apr  3 06:10:30 ami kernel: ehci_hcd 0000:02:03.0: EHCI Host Controller
Apr  3 06:10:30 ami kernel: ehci_hcd 0000:02:03.0: new USB bus registered, assigned bus number 1
Apr  3 06:10:30 ami kernel: ehci_hcd 0000:02:03.0: irq 17, io mem 0xc9010000
Apr  3 06:10:30 ami kernel: ehci_hcd 0000:02:03.0: USB 2.0 started, EHCI 1.00
Apr  3 06:10:30 ami kernel: usb usb1: New USB device found, idVendor=1d6b, idProduct=0002
Apr  3 06:10:30 ami kernel: usb usb1: New USB device strings: Mfr=3, Product=2, SerialNumber=1
Apr  3 06:10:30 ami kernel: usb usb1: Product: EHCI Host Controller
Apr  3 06:10:30 ami kernel: usb usb1: Manufacturer: Linux 2.6.32-279.14.1.el6.x86_64 ehci_hcd
Apr  3 06:10:30 ami kernel: usb usb1: SerialNumber: 0000:02:03.0
Apr  3 06:10:30 ami kernel: usb usb1: configuration #1 chosen from 1 choice
Apr  3 06:10:30 ami kernel: hub 1-0:1.0: USB hub found
Apr  3 06:10:30 ami kernel: hub 1-0:1.0: 6 ports detected
Apr  3 06:10:30 ami kernel: ohci_hcd: USB 1.1 'Open' Host Controller (OHCI) Driver
Apr  3 06:10:30 ami kernel: uhci_hcd: USB Universal Host Controller Interface driver
Apr  3 06:10:30 ami kernel: uhci_hcd 0000:02:00.0: PCI INT A -> GSI 18 (level, low) -> IRQ 18
Apr  3 06:10:30 ami kernel: uhci_hcd 0000:02:00.0: UHCI Host Controller
Apr  3 06:10:30 ami kernel: uhci_hcd 0000:02:00.0: new USB bus registered, assigned bus number 2
Apr  3 06:10:30 ami kernel: uhci_hcd 0000:02:00.0: irq 18, io base 0x00002080
Apr  3 06:10:30 ami kernel: usb usb2: New USB device found, idVendor=1d6b, idProduct=0001
Apr  3 06:10:30 ami kernel: usb usb2: New USB device strings: Mfr=3, Product=2, SerialNumber=1
Apr  3 06:10:30 ami kernel: usb usb2: Product: UHCI Host Controller
Apr  3 06:10:30 ami kernel: usb usb2: Manufacturer: Linux 2.6.32-279.14.1.el6.x86_64 uhci_hcd
Apr  3 06:10:30 ami kernel: usb usb2: SerialNumber: 0000:02:00.0
Apr  3 06:10:30 ami kernel: usb usb2: configuration #1 chosen from 1 choice
Apr  3 06:10:30 ami kernel: hub 2-0:1.0: USB hub found
Apr  3 06:10:30 ami kernel: hub 2-0:1.0: 2 ports detected
Apr  3 06:10:30 ami kernel: PNP: PS/2 Controller [PNP0303:KBC,PNP0f13:MOUS] at 0x60,0x64 irq 1,12
Apr  3 06:10:30 ami kernel: serio: i8042 KBD port at 0x60,0x64 irq 1
Apr  3 06:10:30 ami kernel: serio: i8042 AUX port at 0x60,0x64 irq 12
Apr  3 06:10:30 ami kernel: mice: PS/2 mouse device common for all mice
Apr  3 06:10:30 ami kernel: rtc_cmos 00:04: rtc core: registered rtc_cmos as rtc0
Apr  3 06:10:30 ami kernel: rtc0: alarms up to one month, y3k, 114 bytes nvram, hpet irqs
Apr  3 06:10:30 ami kernel: cpuidle: using governor ladder
Apr  3 06:10:30 ami kernel: cpuidle: using governor menu
Apr  3 06:10:30 ami kernel: EFI Variables Facility v0.08 2004-May-17
Apr  3 06:10:30 ami kernel: usbcore: registered new interface driver hiddev
Apr  3 06:10:30 ami kernel: usbcore: registered new interface driver usbhid
Apr  3 06:10:30 ami kernel: usbhid: v2.6:USB HID core driver
Apr  3 06:10:30 ami kernel: input: AT Translated Set 2 keyboard as /devices/platform/i8042/serio0/input/input2
Apr  3 06:10:30 ami kernel: TCP cubic registered
Apr  3 06:10:30 ami kernel: Initializing XFRM netlink socket
Apr  3 06:10:30 ami kernel: NET: Registered protocol family 17
Apr  3 06:10:30 ami kernel: registered taskstats version 1
Apr  3 06:10:30 ami kernel: input: ImPS/2 Generic Wheel Mouse as /devices/platform/i8042/serio1/input/input3
Apr  3 06:10:30 ami kernel: rtc_cmos 00:04: setting system clock to 2013-04-03 13:10:12 UTC (1364994612)
Apr  3 06:10:30 ami kernel: Initalizing network drop monitor service
Apr  3 06:10:30 ami kernel: Freeing unused kernel memory: 1260k freed
Apr  3 06:10:30 ami kernel: Write protecting the kernel read-only data: 10240k
Apr  3 06:10:30 ami kernel: Freeing unused kernel memory: 972k freed
Apr  3 06:10:30 ami kernel: Freeing unused kernel memory: 1732k freed
Apr  3 06:10:30 ami kernel: dracut: dracut-004-284.el6_3.1
Apr  3 06:10:30 ami kernel: dracut: rd_NO_LUKS: removing cryptoluks activation
Apr  3 06:10:30 ami kernel: Loading iSCSI transport class v2.0-870.
Apr  3 06:10:30 ami kernel: iscsi: registered transport (qla4xxx)
Apr  3 06:10:30 ami kernel: QLogic iSCSI HBA Driver
Apr  3 06:10:30 ami kernel: libcxgbi:libcxgbi_init_module: tag itt 0x1fff, 13 bits, age 0xf, 4 bits.
Apr  3 06:10:30 ami kernel: libcxgbi:ddp_setup_host_page_size: system PAGE 4096, ddp idx 0.
Apr  3 06:10:30 ami kernel: Chelsio T3 iSCSI Driver cxgb3i v2.0.0 (Jun. 2010)
Apr  3 06:10:30 ami kernel: iscsi: registered transport (cxgb3i)
Apr  3 06:10:30 ami kernel: Chelsio T4 iSCSI Driver cxgb4i v0.9.1 (Aug. 2010)
Apr  3 06:10:30 ami kernel: iscsi: registered transport (cxgb4i)
Apr  3 06:10:30 ami kernel: NET: Registered protocol family 10
Apr  3 06:10:30 ami kernel: lo: Disabled Privacy Extensions
Apr  3 06:10:30 ami kernel: cnic: Broadcom NetXtreme II CNIC Driver cnic v2.5.10 (March 21, 2012)
Apr  3 06:10:30 ami kernel: Broadcom NetXtreme II iSCSI Driver bnx2i v2.7.2.2 (Apr 26, 2012)
Apr  3 06:10:30 ami kernel: iscsi: registered transport (bnx2i)
Apr  3 06:10:30 ami kernel: iscsi: registered transport (be2iscsi)
Apr  3 06:10:30 ami kernel: device-mapper: uevent: version 1.0.3
Apr  3 06:10:30 ami kernel: device-mapper: ioctl: 4.22.6-ioctl (2011-10-19) initialised: dm-devel@redhat.com
Apr  3 06:10:30 ami kernel: udev: starting version 147
Apr  3 06:10:30 ami kernel: dracut: Starting plymouth daemon
Apr  3 06:10:30 ami kernel: usb 2-1: new full speed USB device number 2 using uhci_hcd
Apr  3 06:10:30 ami kernel: dracut: rd_NO_DM: removing DM RAID activation
Apr  3 06:10:30 ami kernel: dracut: rd_NO_MD: removing MD RAID activation
Apr  3 06:10:30 ami kernel: usb 2-1: New USB device found, idVendor=0e0f, idProduct=0003
Apr  3 06:10:30 ami kernel: usb 2-1: New USB device strings: Mfr=1, Product=2, SerialNumber=0
Apr  3 06:10:30 ami kernel: usb 2-1: Product: VMware Virtual USB Mouse
Apr  3 06:10:30 ami kernel: usb 2-1: Manufacturer: VMware
Apr  3 06:10:30 ami kernel: usb 2-1: configuration #1 chosen from 1 choice
Apr  3 06:10:30 ami kernel: input: VMware VMware Virtual USB Mouse as /devices/pci0000:00/0000:00:11.0/0000:02:00.0/usb2/2-1/2-1:1.0/input/input4
Apr  3 06:10:30 ami kernel: generic-usb 0003:0E0F:0003.0001: input,hidraw0: USB HID v1.10 Mouse [VMware VMware Virtual USB Mouse] on usb-0000:02:00.0-1/input0
Apr  3 06:10:30 ami kernel: input: VMware VMware Virtual USB Mouse as /devices/pci0000:00/0000:00:11.0/0000:02:00.0/usb2/2-1/2-1:1.1/input/input5
Apr  3 06:10:30 ami kernel: generic-usb 0003:0E0F:0003.0002: input,hidraw1: USB HID v1.10 Mouse [VMware VMware Virtual USB Mouse] on usb-0000:02:00.0-1/input1
Apr  3 06:10:30 ami kernel: scsi0 : ata_piix
Apr  3 06:10:30 ami kernel: scsi1 : ata_piix
Apr  3 06:10:30 ami kernel: ata1: PATA max UDMA/33 cmd 0x1f0 ctl 0x3f6 bmdma 0x10c0 irq 14
Apr  3 06:10:30 ami kernel: ata2: PATA max UDMA/33 cmd 0x170 ctl 0x376 bmdma 0x10c8 irq 15
Apr  3 06:10:30 ami kernel: usb 2-2: new full speed USB device number 3 using uhci_hcd
Apr  3 06:10:30 ami kernel: ata2.00: ATAPI: VMware Virtual IDE CDROM Drive, 00000001, max UDMA/33
Apr  3 06:10:30 ami kernel: ata2.00: configured for UDMA/33
Apr  3 06:10:30 ami kernel: scsi 1:0:0:0: CD-ROM            NECVMWar VMware IDE CDR10 1.00 PQ: 0 ANSI: 5
Apr  3 06:10:30 ami kernel: Fusion MPT base driver 3.04.20
Apr  3 06:10:30 ami kernel: Copyright (c) 1999-2008 LSI Corporation
Apr  3 06:10:30 ami kernel: Fusion MPT SPI Host driver 3.04.20
Apr  3 06:10:30 ami kernel: mptspi 0000:00:10.0: PCI INT A -> GSI 17 (level, low) -> IRQ 17
Apr  3 06:10:30 ami kernel: mptbase: ioc0: Initiating bringup
Apr  3 06:10:30 ami kernel: usb 2-2: New USB device found, idVendor=0e0f, idProduct=0002
Apr  3 06:10:30 ami kernel: usb 2-2: New USB device strings: Mfr=0, Product=1, SerialNumber=0
Apr  3 06:10:30 ami kernel: usb 2-2: Product: VMware Virtual USB Hub
Apr  3 06:10:30 ami kernel: usb 2-2: configuration #1 chosen from 1 choice
Apr  3 06:10:30 ami kernel: hub 2-2:1.0: USB hub found
Apr  3 06:10:30 ami kernel: hub 2-2:1.0: 7 ports detected
Apr  3 06:10:30 ami kernel: ioc0: LSI53C1030 B0: Capabilities={Initiator}
Apr  3 06:10:30 ami kernel: scsi2 : ioc0: LSI53C1030 B0, FwRev=01032920h, Ports=1, MaxQ=128, IRQ=17
Apr  3 06:10:30 ami kernel: scsi 2:0:0:0: Direct-Access     VMware,  VMware Virtual S 1.0  PQ: 0 ANSI: 2
Apr  3 06:10:30 ami kernel: scsi target2:0:0: Beginning Domain Validation
Apr  3 06:10:30 ami kernel: scsi target2:0:0: Domain Validation skipping write tests
Apr  3 06:10:30 ami kernel: scsi target2:0:0: Ending Domain Validation
Apr  3 06:10:30 ami kernel: scsi target2:0:0: FAST-40 WIDE SCSI 80.0 MB/s ST (25 ns, offset 127)
Apr  3 06:10:30 ami kernel: sr0: scsi3-mmc drive: 1x/1x writer dvd-ram cd/rw xa/form2 cdda tray
Apr  3 06:10:30 ami kernel: Uniform CD-ROM driver Revision: 3.20
Apr  3 06:10:30 ami kernel: sd 2:0:0:0: [sda] 83886080 512-byte logical blocks: (42.9 GB/40.0 GiB)
Apr  3 06:10:30 ami kernel: sd 2:0:0:0: [sda] Write Protect is off
Apr  3 06:10:30 ami kernel: sd 2:0:0:0: [sda] Cache data unavailable
Apr  3 06:10:30 ami kernel: sd 2:0:0:0: [sda] Assuming drive cache: write through
Apr  3 06:10:30 ami kernel: sd 2:0:0:0: [sda] Cache data unavailable
Apr  3 06:10:30 ami kernel: sd 2:0:0:0: [sda] Assuming drive cache: write through
Apr  3 06:10:30 ami kernel: sda: sda1 sda2
Apr  3 06:10:30 ami kernel: sd 2:0:0:0: [sda] Cache data unavailable
Apr  3 06:10:30 ami kernel: sd 2:0:0:0: [sda] Assuming drive cache: write through
Apr  3 06:10:30 ami kernel: sd 2:0:0:0: [sda] Attached SCSI disk
Apr  3 06:10:30 ami kernel: e1000: Intel(R) PRO/1000 Network Driver - version 7.3.21-k8-NAPI
Apr  3 06:10:30 ami kernel: e1000: Copyright (c) 1999-2006 Intel Corporation.
Apr  3 06:10:30 ami kernel: e1000 0000:02:01.0: PCI INT A -> GSI 19 (level, low) -> IRQ 19
Apr  3 06:10:30 ami kernel: usb 2-2.1: new full speed USB device number 4 using uhci_hcd
Apr  3 06:10:30 ami kernel: usb 2-2.1: New USB device found, idVendor=0e0f, idProduct=0008
Apr  3 06:10:30 ami kernel: usb 2-2.1: New USB device strings: Mfr=1, Product=2, SerialNumber=3
Apr  3 06:10:30 ami kernel: usb 2-2.1: Product: Virtual Bluetooth Adapter
Apr  3 06:10:30 ami kernel: usb 2-2.1: Manufacturer: VMware
Apr  3 06:10:30 ami kernel: usb 2-2.1: SerialNumber: 000650268328
Apr  3 06:10:30 ami kernel: usb 2-2.1: configuration #1 chosen from 1 choice
Apr  3 06:10:30 ami kernel: e1000 0000:02:01.0: eth0: (PCI:66MHz:32-bit) 00:0c:29:22:fe:08
Apr  3 06:10:30 ami kernel: e1000 0000:02:01.0: eth0: Intel(R) PRO/1000 Network Connection
Apr  3 06:10:30 ami kernel: dracut: Scanning devices sda2  for LVM logical volumes vg_ami/lv_swap vg_ami/lv_root 
Apr  3 06:10:30 ami kernel: dracut: inactive '/dev/vg_ami/lv_root' [35.63 GiB] inherit
Apr  3 06:10:30 ami kernel: dracut: inactive '/dev/vg_ami/lv_swap' [3.88 GiB] inherit
Apr  3 06:10:30 ami kernel: EXT4-fs (dm-0): INFO: recovery required on readonly filesystem
Apr  3 06:10:30 ami kernel: EXT4-fs (dm-0): write access will be enabled during recovery
Apr  3 06:10:30 ami kernel: EXT4-fs (dm-0): recovery complete
Apr  3 06:10:30 ami kernel: EXT4-fs (dm-0): mounted filesystem with ordered data mode. Opts: 
Apr  3 06:10:30 ami kernel: dracut: Mounted root filesystem /dev/mapper/vg_ami-lv_root
Apr  3 06:10:30 ami kernel: dracut: Loading SELinux policy
Apr  3 06:10:30 ami kernel: type=1403 audit(1364994615.808:2): policy loaded auid=4294967295 ses=4294967295
Apr  3 06:10:30 ami kernel: dracut: 
Apr  3 06:10:30 ami kernel: dracut: Switching root
Apr  3 06:10:30 ami kernel: udev: starting version 147
Apr  3 06:10:30 ami kernel: shpchp: Standard Hot Plug PCI Controller Driver version: 0.4
Apr  3 06:10:30 ami kernel: sr 1:0:0:0: Attached scsi generic sg0 type 5
Apr  3 06:10:30 ami kernel: sd 2:0:0:0: Attached scsi generic sg1 type 0
Apr  3 06:10:30 ami kernel: piix4_smbus 0000:00:07.3: Host SMBus controller not enabled!
Apr  3 06:10:30 ami kernel: microcode: CPU0 sig=0x306a9, pf=0x1, revision=0x13
Apr  3 06:10:30 ami kernel: platform microcode: firmware: requesting intel-ucode/06-3a-09
Apr  3 06:10:30 ami kernel: microcode: CPU1 sig=0x306a9, pf=0x1, revision=0x13
Apr  3 06:10:30 ami kernel: platform microcode: firmware: requesting intel-ucode/06-3a-09
Apr  3 06:10:30 ami kernel: microcode: CPU2 sig=0x306a9, pf=0x1, revision=0x13
Apr  3 06:10:30 ami kernel: platform microcode: firmware: requesting intel-ucode/06-3a-09
Apr  3 06:10:30 ami kernel: microcode: CPU3 sig=0x306a9, pf=0x1, revision=0x13
Apr  3 06:10:30 ami kernel: platform microcode: firmware: requesting intel-ucode/06-3a-09
Apr  3 06:10:30 ami kernel: Microcode Update Driver: v2.00 <tigran@aivazian.fsnet.co.uk>, Peter Oruba
Apr  3 06:10:30 ami kernel: ENS1371 0000:02:02.0: PCI INT A -> GSI 16 (level, low) -> IRQ 16
Apr  3 06:10:30 ami kernel: Bluetooth: Core ver 2.15
Apr  3 06:10:30 ami kernel: NET: Registered protocol family 31
Apr  3 06:10:30 ami kernel: Bluetooth: HCI device and connection manager initialized
Apr  3 06:10:30 ami kernel: Bluetooth: HCI socket layer initialized
Apr  3 06:10:30 ami kernel: Bluetooth: Generic Bluetooth USB driver ver 0.6
Apr  3 06:10:30 ami kernel: usbcore: registered new interface driver btusb
Apr  3 06:10:30 ami kernel: parport_pc 00:09: reported by Plug and Play ACPI
Apr  3 06:10:30 ami kernel: parport0: PC-style at 0x378, irq 7 [PCSPP,TRISTATE]
Apr  3 06:10:30 ami kernel: ppdev: user-space parallel port driver
Apr  3 06:10:30 ami kernel: EXT4-fs (sda1): mounted filesystem with ordered data mode. Opts: 
Apr  3 06:10:30 ami kernel: Adding 4063224k swap on /dev/mapper/vg_ami-lv_swap.  Priority:-1 extents:1 across:4063224k 
Apr  3 06:10:30 ami kernel: ip6_tables: (C) 2000-2006 Netfilter Core Team
Apr  3 06:10:30 ami kernel: nf_conntrack version 0.5.0 (16384 buckets, 65536 max)
Apr  3 06:10:30 ami kernel: ip_tables: (C) 2000-2006 Netfilter Core Team
Apr  3 06:10:30 ami kernel: fuse init (API version 7.13)
Apr  3 06:10:30 ami kernel: e1000: eth0 NIC Link is Up 1000 Mbps Full Duplex, Flow Control: None
Apr  3 06:10:30 ami rpc.statd[1993]: Version 1.2.3 starting
Apr  3 06:10:30 ami sm-notify[1994]: Version 1.2.3 starting
Apr  3 06:10:30 ami kernel: RPC: Registered named UNIX socket transport module.
Apr  3 06:10:30 ami kernel: RPC: Registered udp transport module.
Apr  3 06:10:30 ami kernel: RPC: Registered tcp transport module.
Apr  3 06:10:30 ami kernel: RPC: Registered tcp NFSv4.1 backchannel transport module.
Apr  3 06:10:31 ami kdump: kexec: loaded kdump kernel
Apr  3 06:10:31 ami kdump: started up
Apr  3 06:10:31 ami lldpad: bound ctrl iface to /com/intel/lldpad
Apr  3 06:10:31 ami kernel: 802.1Q VLAN Support v1.8 Ben Greear <greearb@candelatech.com>
Apr  3 06:10:31 ami kernel: All bugs added by David S. Miller <davem@redhat.com>
Apr  3 06:10:31 ami kernel: 8021q: adding VLAN 0 to HW filter on device eth0
Apr  3 06:10:32 ami kernel: bnx2fc: Broadcom NetXtreme II FCoE Driver bnx2fc v1.0.11 (Apr 24, 2012)
Apr  3 06:10:32 ami fcoemon: error 17 File exists
Apr  3 06:10:32 ami fcoemon: Failed to create socket directory /var/run/fcm, this indicates that fcoemon was not shutdown cleanly
Apr  3 06:10:32 ami acpid: starting up
Apr  3 06:10:32 ami acpid: 1 rule loaded
Apr  3 06:10:32 ami acpid: waiting for events: event logging is off
Apr  3 06:10:33 ami acpid: client connected from 2242[68:68]
Apr  3 06:10:33 ami acpid: 1 client rule loaded
Apr  3 06:10:34 ami abrtd: Init complete, entering main loop
Apr  3 06:23:28 ami dhclient[1853]: DHCPREQUEST on eth0 to 172.31.31.254 port 67 (xid=0x1990f4f3)
Apr  3 06:23:28 ami dhclient[1853]: DHCPACK from 172.31.31.254 (xid=0x1990f4f3)
Apr  3 06:23:30 ami dhclient[1853]: bound to 172.31.31.130 -- renewal in 690 seconds.
Apr  3 06:35:00 ami dhclient[1853]: DHCPREQUEST on eth0 to 172.31.31.254 port 67 (xid=0x1990f4f3)
Apr  3 06:35:00 ami dhclient[1853]: DHCPACK from 172.31.31.254 (xid=0x1990f4f3)
Apr  3 06:35:02 ami dhclient[1853]: bound to 172.31.31.130 -- renewal in 826 seconds.
Apr  3 06:48:48 ami dhclient[1853]: DHCPREQUEST on eth0 to 172.31.31.254 port 67 (xid=0x1990f4f3)
Apr  3 06:48:48 ami dhclient[1853]: DHCPACK from 172.31.31.254 (xid=0x1990f4f3)
Apr  3 06:48:50 ami dhclient[1853]: bound to 172.31.31.130 -- renewal in 871 seconds.
Apr  3 07:03:21 ami dhclient[1853]: DHCPREQUEST on eth0 to 172.31.31.254 port 67 (xid=0x1990f4f3)
Apr  3 07:03:21 ami dhclient[1853]: DHCPACK from 172.31.31.254 (xid=0x1990f4f3)
Apr  3 07:03:23 ami dhclient[1853]: bound to 172.31.31.130 -- renewal in 864 seconds.